[    8334ms] [INFO] %cDownload the React DevTools for a better development experience: https://react.dev/link/react-devtools font-weight:bold @ http://localhost:3210/_next/static/chunks/0z9b_next_dist_0_u2s_6aacixr._.js:719
[    8414ms] [LOG] [HMR] connected @ http://localhost:3210/_next/static/chunks/0z9b_next_dist_0_u2s_6aacixr._.js:719
[   97416ms] [LOG] [Fast Refresh] rebuilding @ http://localhost:3210/_next/static/chunks/0z9b_next_dist_0_u2s_6aacixr._.js:719
[   97445ms] [LOG] [Fast Refresh] done in 16ms @ http://localhost:3210/_next/static/chunks/0z9b_next_dist_0_u2s_6aacixr._.js:719
[   97540ms] [LOG] [Fast Refresh] done in 132ms @ http://localhost:3210/_next/static/chunks/0z9b_next_dist_0_u2s_6aacixr._.js:719
[   97701ms] [LOG] [Fast Refresh] done in 132ms @ http://localhost:3210/_next/static/chunks/0z9b_next_dist_0_u2s_6aacixr._.js:719
[   97701ms] [LOG] [Fast Refresh] done in 132ms @ http://localhost:3210/_next/static/chunks/0z9b_next_dist_0_u2s_6aacixr._.js:719
[   97790ms] [LOG] [Fast Refresh] done in 132ms @ http://localhost:3210/_next/static/chunks/0z9b_next_dist_0_u2s_6aacixr._.js:719
[   97889ms] [LOG] [Fast Refresh] done in 132ms @ http://localhost:3210/_next/static/chunks/0z9b_next_dist_0_u2s_6aacixr._.js:719
[   97967ms] [LOG] [Fast Refresh] done in 132ms @ http://localhost:3210/_next/static/chunks/0z9b_next_dist_0_u2s_6aacixr._.js:719
[   98074ms] [LOG] [Fast Refresh] done in 132ms @ http://localhost:3210/_next/static/chunks/0z9b_next_dist_0_u2s_6aacixr._.js:719
[   98136ms] [LOG] [Fast Refresh] done in 132ms @ http://localhost:3210/_next/static/chunks/0z9b_next_dist_0_u2s_6aacixr._.js:719
[   98214ms] [LOG] [Fast Refresh] done in 132ms @ http://localhost:3210/_next/static/chunks/0z9b_next_dist_0_u2s_6aacixr._.js:719
[   98291ms] [LOG] [Fast Refresh] done in 132ms @ http://localhost:3210/_next/static/chunks/0z9b_next_dist_0_u2s_6aacixr._.js:719
[   98381ms] [LOG] [Fast Refresh] done in 132ms @ http://localhost:3210/_next/static/chunks/0z9b_next_dist_0_u2s_6aacixr._.js:719
[   98460ms] [LOG] [Fast Refresh] done in 132ms @ http://localhost:3210/_next/static/chunks/0z9b_next_dist_0_u2s_6aacixr._.js:719
[   98559ms] [LOG] [Fast Refresh] done in 132ms @ http://localhost:3210/_next/static/chunks/0z9b_next_dist_0_u2s_6aacixr._.js:719
[   98660ms] [LOG] [Fast Refresh] done in 132ms @ http://localhost:3210/_next/static/chunks/0z9b_next_dist_0_u2s_6aacixr._.js:719
[   98735ms] [LOG] [Fast Refresh] done in 132ms @ http://localhost:3210/_next/static/chunks/0z9b_next_dist_0_u2s_6aacixr._.js:719
[   98810ms] [LOG] [Fast Refresh] done in 132ms @ http://localhost:3210/_next/static/chunks/0z9b_next_dist_0_u2s_6aacixr._.js:719
[   98887ms] [LOG] [Fast Refresh] done in 132ms @ http://localhost:3210/_next/static/chunks/0z9b_next_dist_0_u2s_6aacixr._.js:719
[   98979ms] [LOG] [Fast Refresh] done in 132ms @ http://localhost:3210/_next/static/chunks/0z9b_next_dist_0_u2s_6aacixr._.js:719
[   99071ms] [LOG] [Fast Refresh] done in 132ms @ http://localhost:3210/_next/static/chunks/0z9b_next_dist_0_u2s_6aacixr._.js:719
[   99154ms] [LOG] [Fast Refresh] done in 132ms @ http://localhost:3210/_next/static/chunks/0z9b_next_dist_0_u2s_6aacixr._.js:719
[   99260ms] [LOG] [Fast Refresh] done in 132ms @ http://localhost:3210/_next/static/chunks/0z9b_next_dist_0_u2s_6aacixr._.js:719
[   99335ms] [LOG] [Fast Refresh] done in 132ms @ http://localhost:3210/_next/static/chunks/0z9b_next_dist_0_u2s_6aacixr._.js:719
[   99411ms] [LOG] [Fast Refresh] done in 132ms @ http://localhost:3210/_next/static/chunks/0z9b_next_dist_0_u2s_6aacixr._.js:719
[   99503ms] [LOG] [Fast Refresh] done in 132ms @ http://localhost:3210/_next/static/chunks/0z9b_next_dist_0_u2s_6aacixr._.js:719
[   99771ms] [INFO] %cDownload the React DevTools for a better development experience: https://react.dev/link/react-devtools font-weight:bold @ http://localhost:3210/_next/static/chunks/0z9b_next_dist_0_u2s_6aacixr._.js:719
[   99803ms] [LOG] [HMR] connected @ http://localhost:3210/_next/static/chunks/0z9b_next_dist_0_u2s_6aacixr._.js:719
[  108907ms] [INFO] %cDownload the React DevTools for a better development experience: https://react.dev/link/react-devtools font-weight:bold @ http://localhost:3210/_next/static/chunks/0z9b_next_dist_0_u2s_6aacixr._.js:719
[  108939ms] [LOG] [HMR] connected @ http://localhost:3210/_next/static/chunks/0z9b_next_dist_0_u2s_6aacixr._.js:719
[  117688ms] [INFO] %cDownload the React DevTools for a better development experience: https://react.dev/link/react-devtools font-weight:bold @ http://localhost:3210/_next/static/chunks/0z9b_next_dist_0_u2s_6aacixr._.js:719
[  117709ms] [LOG] [HMR] connected @ http://localhost:3210/_next/static/chunks/0z9b_next_dist_0_u2s_6aacixr._.js:719
[  162874ms] [LOG] [Fast Refresh] rebuilding @ http://localhost:3210/_next/static/chunks/0z9b_next_dist_0_u2s_6aacixr._.js:719
[  162985ms] [LOG] [Fast Refresh] done in 94ms @ http://localhost:3210/_next/static/chunks/0z9b_next_dist_0_u2s_6aacixr._.js:719
[  163021ms] [LOG] [Fast Refresh] done in 94ms @ http://localhost:3210/_next/static/chunks/0z9b_next_dist_0_u2s_6aacixr._.js:719
[  163101ms] [LOG] [Fast Refresh] done in 94ms @ http://localhost:3210/_next/static/chunks/0z9b_next_dist_0_u2s_6aacixr._.js:719
[  163125ms] [LOG] [Fast Refresh] done in 94ms @ http://localhost:3210/_next/static/chunks/0z9b_next_dist_0_u2s_6aacixr._.js:719
[  163212ms] [LOG] [Fast Refresh] done in 94ms @ http://localhost:3210/_next/static/chunks/0z9b_next_dist_0_u2s_6aacixr._.js:719
[  163309ms] [LOG] [Fast Refresh] done in 94ms @ http://localhost:3210/_next/static/chunks/0z9b_next_dist_0_u2s_6aacixr._.js:719
[  163403ms] [LOG] [Fast Refresh] done in 94ms @ http://localhost:3210/_next/static/chunks/0z9b_next_dist_0_u2s_6aacixr._.js:719
[  163506ms] [LOG] [Fast Refresh] done in 94ms @ http://localhost:3210/_next/static/chunks/0z9b_next_dist_0_u2s_6aacixr._.js:719
[  163585ms] [LOG] [Fast Refresh] done in 94ms @ http://localhost:3210/_next/static/chunks/0z9b_next_dist_0_u2s_6aacixr._.js:719
[  163673ms] [LOG] [Fast Refresh] done in 94ms @ http://localhost:3210/_next/static/chunks/0z9b_next_dist_0_u2s_6aacixr._.js:719
[  163750ms] [LOG] [Fast Refresh] done in 94ms @ http://localhost:3210/_next/static/chunks/0z9b_next_dist_0_u2s_6aacixr._.js:719
[  163841ms] [LOG] [Fast Refresh] done in 94ms @ http://localhost:3210/_next/static/chunks/0z9b_next_dist_0_u2s_6aacixr._.js:719
[  163934ms] [LOG] [Fast Refresh] done in 94ms @ http://localhost:3210/_next/static/chunks/0z9b_next_dist_0_u2s_6aacixr._.js:719
[  164024ms] [LOG] [Fast Refresh] done in 94ms @ http://localhost:3210/_next/static/chunks/0z9b_next_dist_0_u2s_6aacixr._.js:719
[  164117ms] [LOG] [Fast Refresh] done in 94ms @ http://localhost:3210/_next/static/chunks/0z9b_next_dist_0_u2s_6aacixr._.js:719
[  164178ms] [LOG] [Fast Refresh] done in 94ms @ http://localhost:3210/_next/static/chunks/0z9b_next_dist_0_u2s_6aacixr._.js:719
[  164270ms] [LOG] [Fast Refresh] done in 94ms @ http://localhost:3210/_next/static/chunks/0z9b_next_dist_0_u2s_6aacixr._.js:719
[  164363ms] [LOG] [Fast Refresh] done in 94ms @ http://localhost:3210/_next/static/chunks/0z9b_next_dist_0_u2s_6aacixr._.js:719
[  164439ms] [LOG] [Fast Refresh] done in 94ms @ http://localhost:3210/_next/static/chunks/0z9b_next_dist_0_u2s_6aacixr._.js:719
[  164530ms] [LOG] [Fast Refresh] done in 94ms @ http://localhost:3210/_next/static/chunks/0z9b_next_dist_0_u2s_6aacixr._.js:719
[  164608ms] [LOG] [Fast Refresh] done in 94ms @ http://localhost:3210/_next/static/chunks/0z9b_next_dist_0_u2s_6aacixr._.js:719
[  164685ms] [LOG] [Fast Refresh] done in 94ms @ http://localhost:3210/_next/static/chunks/0z9b_next_dist_0_u2s_6aacixr._.js:719
[  164760ms] [LOG] [Fast Refresh] done in 94ms @ http://localhost:3210/_next/static/chunks/0z9b_next_dist_0_u2s_6aacixr._.js:719
[  164853ms] [LOG] [Fast Refresh] done in 94ms @ http://localhost:3210/_next/static/chunks/0z9b_next_dist_0_u2s_6aacixr._.js:719
[  164917ms] [LOG] [Fast Refresh] done in 94ms @ http://localhost:3210/_next/static/chunks/0z9b_next_dist_0_u2s_6aacixr._.js:719
[  164991ms] [LOG] [Fast Refresh] done in 94ms @ http://localhost:3210/_next/static/chunks/0z9b_next_dist_0_u2s_6aacixr._.js:719
[  165085ms] [LOG] [Fast Refresh] done in 94ms @ http://localhost:3210/_next/static/chunks/0z9b_next_dist_0_u2s_6aacixr._.js:719
[  165162ms] [LOG] [Fast Refresh] done in 94ms @ http://localhost:3210/_next/static/chunks/0z9b_next_dist_0_u2s_6aacixr._.js:719
[  165239ms] [LOG] [Fast Refresh] done in 94ms @ http://localhost:3210/_next/static/chunks/0z9b_next_dist_0_u2s_6aacixr._.js:719
[  165335ms] [LOG] [Fast Refresh] done in 94ms @ http://localhost:3210/_next/static/chunks/0z9b_next_dist_0_u2s_6aacixr._.js:719
[  165424ms] [LOG] [Fast Refresh] done in 94ms @ http://localhost:3210/_next/static/chunks/0z9b_next_dist_0_u2s_6aacixr._.js:719
[  165502ms] [LOG] [Fast Refresh] done in 94ms @ http://localhost:3210/_next/static/chunks/0z9b_next_dist_0_u2s_6aacixr._.js:719
[  165577ms] [LOG] [Fast Refresh] done in 94ms @ http://localhost:3210/_next/static/chunks/0z9b_next_dist_0_u2s_6aacixr._.js:719
[  165656ms] [LOG] [Fast Refresh] done in 94ms @ http://localhost:3210/_next/static/chunks/0z9b_next_dist_0_u2s_6aacixr._.js:719
[  165746ms] [LOG] [Fast Refresh] done in 94ms @ http://localhost:3210/_next/static/chunks/0z9b_next_dist_0_u2s_6aacixr._.js:719
[  165823ms] [LOG] [Fast Refresh] done in 94ms @ http://localhost:3210/_next/static/chunks/0z9b_next_dist_0_u2s_6aacixr._.js:719
[  165898ms] [LOG] [Fast Refresh] done in 94ms @ http://localhost:3210/_next/static/chunks/0z9b_next_dist_0_u2s_6aacixr._.js:719
[  165978ms] [LOG] [Fast Refresh] done in 94ms @ http://localhost:3210/_next/static/chunks/0z9b_next_dist_0_u2s_6aacixr._.js:719
[  166067ms] [LOG] [Fast Refresh] done in 94ms @ http://localhost:3210/_next/static/chunks/0z9b_next_dist_0_u2s_6aacixr._.js:719
[  166145ms] [LOG] [Fast Refresh] done in 94ms @ http://localhost:3210/_next/static/chunks/0z9b_next_dist_0_u2s_6aacixr._.js:719
[  166221ms] [LOG] [Fast Refresh] done in 94ms @ http://localhost:3210/_next/static/chunks/0z9b_next_dist_0_u2s_6aacixr._.js:719
[  166313ms] [LOG] [Fast Refresh] done in 94ms @ http://localhost:3210/_next/static/chunks/0z9b_next_dist_0_u2s_6aacixr._.js:719
[  166389ms] [LOG] [Fast Refresh] done in 94ms @ http://localhost:3210/_next/static/chunks/0z9b_next_dist_0_u2s_6aacixr._.js:719
[  166482ms] [LOG] [Fast Refresh] done in 94ms @ http://localhost:3210/_next/static/chunks/0z9b_next_dist_0_u2s_6aacixr._.js:719
[  166558ms] [LOG] [Fast Refresh] done in 94ms @ http://localhost:3210/_next/static/chunks/0z9b_next_dist_0_u2s_6aacixr._.js:719
[  166635ms] [LOG] [Fast Refresh] done in 94ms @ http://localhost:3210/_next/static/chunks/0z9b_next_dist_0_u2s_6aacixr._.js:719
[  166725ms] [LOG] [Fast Refresh] done in 94ms @ http://localhost:3210/_next/static/chunks/0z9b_next_dist_0_u2s_6aacixr._.js:719
[  166804ms] [LOG] [Fast Refresh] done in 94ms @ http://localhost:3210/_next/static/chunks/0z9b_next_dist_0_u2s_6aacixr._.js:719
[  166879ms] [LOG] [Fast Refresh] done in 94ms @ http://localhost:3210/_next/static/chunks/0z9b_next_dist_0_u2s_6aacixr._.js:719
[  166958ms] [LOG] [Fast Refresh] done in 94ms @ http://localhost:3210/_next/static/chunks/0z9b_next_dist_0_u2s_6aacixr._.js:719
[  167034ms] [LOG] [Fast Refresh] done in 94ms @ http://localhost:3210/_next/static/chunks/0z9b_next_dist_0_u2s_6aacixr._.js:719
[  167110ms] [LOG] [Fast Refresh] done in 94ms @ http://localhost:3210/_next/static/chunks/0z9b_next_dist_0_u2s_6aacixr._.js:719
[  167186ms] [LOG] [Fast Refresh] done in 94ms @ http://localhost:3210/_next/static/chunks/0z9b_next_dist_0_u2s_6aacixr._.js:719
[  167263ms] [LOG] [Fast Refresh] done in 94ms @ http://localhost:3210/_next/static/chunks/0z9b_next_dist_0_u2s_6aacixr._.js:719
[  167345ms] [LOG] [Fast Refresh] done in 94ms @ http://localhost:3210/_next/static/chunks/0z9b_next_dist_0_u2s_6aacixr._.js:719
[  167451ms] [LOG] [Fast Refresh] done in 94ms @ http://localhost:3210/_next/static/chunks/0z9b_next_dist_0_u2s_6aacixr._.js:719
[  167528ms] [LOG] [Fast Refresh] done in 94ms @ http://localhost:3210/_next/static/chunks/0z9b_next_dist_0_u2s_6aacixr._.js:719
[  167605ms] [LOG] [Fast Refresh] done in 94ms @ http://localhost:3210/_next/static/chunks/0z9b_next_dist_0_u2s_6aacixr._.js:719
[  167697ms] [LOG] [Fast Refresh] done in 94ms @ http://localhost:3210/_next/static/chunks/0z9b_next_dist_0_u2s_6aacixr._.js:719
[  167790ms] [LOG] [Fast Refresh] done in 94ms @ http://localhost:3210/_next/static/chunks/0z9b_next_dist_0_u2s_6aacixr._.js:719
[  167883ms] [LOG] [Fast Refresh] done in 94ms @ http://localhost:3210/_next/static/chunks/0z9b_next_dist_0_u2s_6aacixr._.js:719
[  167958ms] [LOG] [Fast Refresh] done in 94ms @ http://localhost:3210/_next/static/chunks/0z9b_next_dist_0_u2s_6aacixr._.js:719
[  168029ms] [LOG] [Fast Refresh] done in 94ms @ http://localhost:3210/_next/static/chunks/0z9b_next_dist_0_u2s_6aacixr._.js:719
[  168112ms] [LOG] [Fast Refresh] done in 94ms @ http://localhost:3210/_next/static/chunks/0z9b_next_dist_0_u2s_6aacixr._.js:719
[  168187ms] [LOG] [Fast Refresh] done in 94ms @ http://localhost:3210/_next/static/chunks/0z9b_next_dist_0_u2s_6aacixr._.js:719
[  168279ms] [LOG] [Fast Refresh] done in 94ms @ http://localhost:3210/_next/static/chunks/0z9b_next_dist_0_u2s_6aacixr._.js:719
[  168356ms] [LOG] [Fast Refresh] done in 94ms @ http://localhost:3210/_next/static/chunks/0z9b_next_dist_0_u2s_6aacixr._.js:719
[  168434ms] [LOG] [Fast Refresh] done in 94ms @ http://localhost:3210/_next/static/chunks/0z9b_next_dist_0_u2s_6aacixr._.js:719
[  168523ms] [LOG] [Fast Refresh] done in 94ms @ http://localhost:3210/_next/static/chunks/0z9b_next_dist_0_u2s_6aacixr._.js:719
[  168601ms] [LOG] [Fast Refresh] done in 94ms @ http://localhost:3210/_next/static/chunks/0z9b_next_dist_0_u2s_6aacixr._.js:719
[  168692ms] [LOG] [Fast Refresh] done in 94ms @ http://localhost:3210/_next/static/chunks/0z9b_next_dist_0_u2s_6aacixr._.js:719
[  168785ms] [LOG] [Fast Refresh] done in 94ms @ http://localhost:3210/_next/static/chunks/0z9b_next_dist_0_u2s_6aacixr._.js:719
[  168859ms] [LOG] [Fast Refresh] done in 94ms @ http://localhost:3210/_next/static/chunks/0z9b_next_dist_0_u2s_6aacixr._.js:719
[  168952ms] [LOG] [Fast Refresh] done in 94ms @ http://localhost:3210/_next/static/chunks/0z9b_next_dist_0_u2s_6aacixr._.js:719
[  169045ms] [LOG] [Fast Refresh] done in 94ms @ http://localhost:3210/_next/static/chunks/0z9b_next_dist_0_u2s_6aacixr._.js:719
[  169136ms] [LOG] [Fast Refresh] done in 94ms @ http://localhost:3210/_next/static/chunks/0z9b_next_dist_0_u2s_6aacixr._.js:719
[  169219ms] [LOG] [Fast Refresh] done in 94ms @ http://localhost:3210/_next/static/chunks/0z9b_next_dist_0_u2s_6aacixr._.js:719
[  169320ms] [LOG] [Fast Refresh] done in 94ms @ http://localhost:3210/_next/static/chunks/0z9b_next_dist_0_u2s_6aacixr._.js:719
[  169396ms] [LOG] [Fast Refresh] done in 94ms @ http://localhost:3210/_next/static/chunks/0z9b_next_dist_0_u2s_6aacixr._.js:719
[  169490ms] [LOG] [Fast Refresh] done in 94ms @ http://localhost:3210/_next/static/chunks/0z9b_next_dist_0_u2s_6aacixr._.js:719
[  169568ms] [LOG] [Fast Refresh] done in 94ms @ http://localhost:3210/_next/static/chunks/0z9b_next_dist_0_u2s_6aacixr._.js:719
[  169643ms] [LOG] [Fast Refresh] done in 94ms @ http://localhost:3210/_next/static/chunks/0z9b_next_dist_0_u2s_6aacixr._.js:719
[  169721ms] [LOG] [Fast Refresh] done in 94ms @ http://localhost:3210/_next/static/chunks/0z9b_next_dist_0_u2s_6aacixr._.js:719
[  169797ms] [LOG] [Fast Refresh] done in 94ms @ http://localhost:3210/_next/static/chunks/0z9b_next_dist_0_u2s_6aacixr._.js:719
[  169888ms] [LOG] [Fast Refresh] done in 94ms @ http://localhost:3210/_next/static/chunks/0z9b_next_dist_0_u2s_6aacixr._.js:719
[  169965ms] [LOG] [Fast Refresh] done in 94ms @ http://localhost:3210/_next/static/chunks/0z9b_next_dist_0_u2s_6aacixr._.js:719
[  170042ms] [LOG] [Fast Refresh] done in 94ms @ http://localhost:3210/_next/static/chunks/0z9b_next_dist_0_u2s_6aacixr._.js:719
[  170121ms] [LOG] [Fast Refresh] done in 94ms @ http://localhost:3210/_next/static/chunks/0z9b_next_dist_0_u2s_6aacixr._.js:719
[  170197ms] [LOG] [Fast Refresh] done in 94ms @ http://localhost:3210/_next/static/chunks/0z9b_next_dist_0_u2s_6aacixr._.js:719
[  170289ms] [LOG] [Fast Refresh] done in 94ms @ http://localhost:3210/_next/static/chunks/0z9b_next_dist_0_u2s_6aacixr._.js:719
[  170368ms] [LOG] [Fast Refresh] done in 94ms @ http://localhost:3210/_next/static/chunks/0z9b_next_dist_0_u2s_6aacixr._.js:719
[  170474ms] [LOG] [Fast Refresh] done in 94ms @ http://localhost:3210/_next/static/chunks/0z9b_next_dist_0_u2s_6aacixr._.js:719
[  170550ms] [LOG] [Fast Refresh] done in 94ms @ http://localhost:3210/_next/static/chunks/0z9b_next_dist_0_u2s_6aacixr._.js:719
[  170642ms] [LOG] [Fast Refresh] done in 94ms @ http://localhost:3210/_next/static/chunks/0z9b_next_dist_0_u2s_6aacixr._.js:719
[  170720ms] [LOG] [Fast Refresh] done in 94ms @ http://localhost:3210/_next/static/chunks/0z9b_next_dist_0_u2s_6aacixr._.js:719
[  170813ms] [LOG] [Fast Refresh] done in 94ms @ http://localhost:3210/_next/static/chunks/0z9b_next_dist_0_u2s_6aacixr._.js:719
[  170890ms] [LOG] [Fast Refresh] done in 94ms @ http://localhost:3210/_next/static/chunks/0z9b_next_dist_0_u2s_6aacixr._.js:719
[  170980ms] [LOG] [Fast Refresh] done in 94ms @ http://localhost:3210/_next/static/chunks/0z9b_next_dist_0_u2s_6aacixr._.js:719
[  171058ms] [LOG] [Fast Refresh] done in 94ms @ http://localhost:3210/_next/static/chunks/0z9b_next_dist_0_u2s_6aacixr._.js:719
[  171153ms] [LOG] [Fast Refresh] done in 94ms @ http://localhost:3210/_next/static/chunks/0z9b_next_dist_0_u2s_6aacixr._.js:719
[  171243ms] [LOG] [Fast Refresh] done in 94ms @ http://localhost:3210/_next/static/chunks/0z9b_next_dist_0_u2s_6aacixr._.js:719
[  171319ms] [LOG] [Fast Refresh] done in 94ms @ http://localhost:3210/_next/static/chunks/0z9b_next_dist_0_u2s_6aacixr._.js:719
[  171381ms] [LOG] [Fast Refresh] done in 94ms @ http://localhost:3210/_next/static/chunks/0z9b_next_dist_0_u2s_6aacixr._.js:719
[  171478ms] [LOG] [Fast Refresh] done in 94ms @ http://localhost:3210/_next/static/chunks/0z9b_next_dist_0_u2s_6aacixr._.js:719
[  171518ms] [LOG] [Fast Refresh] done in 94ms @ http://localhost:3210/_next/static/chunks/0z9b_next_dist_0_u2s_6aacixr._.js:719
[  171592ms] [LOG] [Fast Refresh] done in 94ms @ http://localhost:3210/_next/static/chunks/0z9b_next_dist_0_u2s_6aacixr._.js:719
[  171672ms] [LOG] [Fast Refresh] done in 94ms @ http://localhost:3210/_next/static/chunks/0z9b_next_dist_0_u2s_6aacixr._.js:719
[  171751ms] [LOG] [Fast Refresh] done in 94ms @ http://localhost:3210/_next/static/chunks/0z9b_next_dist_0_u2s_6aacixr._.js:719
[  171861ms] [LOG] [Fast Refresh] rebuilding @ http://localhost:3210/_next/static/chunks/0z9b_next_dist_0_u2s_6aacixr._.js:719
[  171888ms] [LOG] [Fast Refresh] done in 17ms @ http://localhost:3210/_next/static/chunks/0z9b_next_dist_0_u2s_6aacixr._.js:719
[  171955ms] [LOG] [Fast Refresh] done in 106ms @ http://localhost:3210/_next/static/chunks/0z9b_next_dist_0_u2s_6aacixr._.js:719
[  172054ms] [LOG] [Fast Refresh] done in 106ms @ http://localhost:3210/_next/static/chunks/0z9b_next_dist_0_u2s_6aacixr._.js:719
[  172139ms] [LOG] [Fast Refresh] rebuilding @ http://localhost:3210/_next/static/chunks/0z9b_next_dist_0_u2s_6aacixr._.js:719
[  172162ms] [LOG] [Fast Refresh] done in 17ms @ http://localhost:3210/_next/static/chunks/0z9b_next_dist_0_u2s_6aacixr._.js:719
[  172223ms] [LOG] [Fast Refresh] done in 17ms @ http://localhost:3210/_next/static/chunks/0z9b_next_dist_0_u2s_6aacixr._.js:719
[  172261ms] [LOG] [Fast Refresh] done in 17ms @ http://localhost:3210/_next/static/chunks/0z9b_next_dist_0_u2s_6aacixr._.js:719
[  172295ms] [LOG] [Fast Refresh] done in 17ms @ http://localhost:3210/_next/static/chunks/0z9b_next_dist_0_u2s_6aacixr._.js:719
[  172326ms] [LOG] [Fast Refresh] done in 17ms @ http://localhost:3210/_next/static/chunks/0z9b_next_dist_0_u2s_6aacixr._.js:719
[  172358ms] [LOG] [Fast Refresh] done in 17ms @ http://localhost:3210/_next/static/chunks/0z9b_next_dist_0_u2s_6aacixr._.js:719
[  172435ms] [LOG] [Fast Refresh] done in 17ms @ http://localhost:3210/_next/static/chunks/0z9b_next_dist_0_u2s_6aacixr._.js:719
[  172526ms] [LOG] [Fast Refresh] done in 17ms @ http://localhost:3210/_next/static/chunks/0z9b_next_dist_0_u2s_6aacixr._.js:719
[  172593ms] [LOG] [Fast Refresh] done in 17ms @ http://localhost:3210/_next/static/chunks/0z9b_next_dist_0_u2s_6aacixr._.js:719
[  172643ms] [LOG] [Fast Refresh] done in 17ms @ http://localhost:3210/_next/static/chunks/0z9b_next_dist_0_u2s_6aacixr._.js:719
[  172726ms] [LOG] [Fast Refresh] done in 17ms @ http://localhost:3210/_next/static/chunks/0z9b_next_dist_0_u2s_6aacixr._.js:719
[  172818ms] [LOG] [Fast Refresh] done in 17ms @ http://localhost:3210/_next/static/chunks/0z9b_next_dist_0_u2s_6aacixr._.js:719
[  172909ms] [LOG] [Fast Refresh] done in 17ms @ http://localhost:3210/_next/static/chunks/0z9b_next_dist_0_u2s_6aacixr._.js:719
[  173002ms] [LOG] [Fast Refresh] done in 17ms @ http://localhost:3210/_next/static/chunks/0z9b_next_dist_0_u2s_6aacixr._.js:719
[  173079ms] [LOG] [Fast Refresh] done in 17ms @ http://localhost:3210/_next/static/chunks/0z9b_next_dist_0_u2s_6aacixr._.js:719
[  173141ms] [LOG] [Fast Refresh] done in 17ms @ http://localhost:3210/_next/static/chunks/0z9b_next_dist_0_u2s_6aacixr._.js:719
[  173232ms] [LOG] [Fast Refresh] done in 17ms @ http://localhost:3210/_next/static/chunks/0z9b_next_dist_0_u2s_6aacixr._.js:719
[  173309ms] [LOG] [Fast Refresh] done in 17ms @ http://localhost:3210/_next/static/chunks/0z9b_next_dist_0_u2s_6aacixr._.js:719
[  173385ms] [LOG] [Fast Refresh] done in 17ms @ http://localhost:3210/_next/static/chunks/0z9b_next_dist_0_u2s_6aacixr._.js:719
[  173478ms] [LOG] [Fast Refresh] done in 17ms @ http://localhost:3210/_next/static/chunks/0z9b_next_dist_0_u2s_6aacixr._.js:719
[  173570ms] [LOG] [Fast Refresh] done in 17ms @ http://localhost:3210/_next/static/chunks/0z9b_next_dist_0_u2s_6aacixr._.js:719
[  173662ms] [LOG] [Fast Refresh] done in 17ms @ http://localhost:3210/_next/static/chunks/0z9b_next_dist_0_u2s_6aacixr._.js:719
[  173753ms] [LOG] [Fast Refresh] done in 17ms @ http://localhost:3210/_next/static/chunks/0z9b_next_dist_0_u2s_6aacixr._.js:719
[  173845ms] [LOG] [Fast Refresh] done in 17ms @ http://localhost:3210/_next/static/chunks/0z9b_next_dist_0_u2s_6aacixr._.js:719
[  173937ms] [LOG] [Fast Refresh] done in 17ms @ http://localhost:3210/_next/static/chunks/0z9b_next_dist_0_u2s_6aacixr._.js:719
[  174028ms] [LOG] [Fast Refresh] done in 17ms @ http://localhost:3210/_next/static/chunks/0z9b_next_dist_0_u2s_6aacixr._.js:719
[  174106ms] [LOG] [Fast Refresh] done in 17ms @ http://localhost:3210/_next/static/chunks/0z9b_next_dist_0_u2s_6aacixr._.js:719
[  174182ms] [LOG] [Fast Refresh] done in 17ms @ http://localhost:3210/_next/static/chunks/0z9b_next_dist_0_u2s_6aacixr._.js:719
[  174258ms] [LOG] [Fast Refresh] done in 17ms @ http://localhost:3210/_next/static/chunks/0z9b_next_dist_0_u2s_6aacixr._.js:719
[  174351ms] [LOG] [Fast Refresh] done in 17ms @ http://localhost:3210/_next/static/chunks/0z9b_next_dist_0_u2s_6aacixr._.js:719
[  174445ms] [LOG] [Fast Refresh] done in 17ms @ http://localhost:3210/_next/static/chunks/0z9b_next_dist_0_u2s_6aacixr._.js:719
[  174507ms] [LOG] [Fast Refresh] done in 17ms @ http://localhost:3210/_next/static/chunks/0z9b_next_dist_0_u2s_6aacixr._.js:719
[  174602ms] [LOG] [Fast Refresh] done in 17ms @ http://localhost:3210/_next/static/chunks/0z9b_next_dist_0_u2s_6aacixr._.js:719
[  174677ms] [LOG] [Fast Refresh] done in 17ms @ http://localhost:3210/_next/static/chunks/0z9b_next_dist_0_u2s_6aacixr._.js:719
[  174769ms] [LOG] [Fast Refresh] done in 17ms @ http://localhost:3210/_next/static/chunks/0z9b_next_dist_0_u2s_6aacixr._.js:719
[  174846ms] [LOG] [Fast Refresh] done in 17ms @ http://localhost:3210/_next/static/chunks/0z9b_next_dist_0_u2s_6aacixr._.js:719
[  174922ms] [LOG] [Fast Refresh] done in 17ms @ http://localhost:3210/_next/static/chunks/0z9b_next_dist_0_u2s_6aacixr._.js:719
[  175012ms] [LOG] [Fast Refresh] done in 17ms @ http://localhost:3210/_next/static/chunks/0z9b_next_dist_0_u2s_6aacixr._.js:719
[  175089ms] [LOG] [Fast Refresh] done in 17ms @ http://localhost:3210/_next/static/chunks/0z9b_next_dist_0_u2s_6aacixr._.js:719
[  175156ms] [LOG] [Fast Refresh] done in 17ms @ http://localhost:3210/_next/static/chunks/0z9b_next_dist_0_u2s_6aacixr._.js:719
[  175242ms] [LOG] [Fast Refresh] done in 17ms @ http://localhost:3210/_next/static/chunks/0z9b_next_dist_0_u2s_6aacixr._.js:719
[  175336ms] [LOG] [Fast Refresh] done in 17ms @ http://localhost:3210/_next/static/chunks/0z9b_next_dist_0_u2s_6aacixr._.js:719
[  175427ms] [LOG] [Fast Refresh] done in 17ms @ http://localhost:3210/_next/static/chunks/0z9b_next_dist_0_u2s_6aacixr._.js:719
[  175520ms] [LOG] [Fast Refresh] done in 17ms @ http://localhost:3210/_next/static/chunks/0z9b_next_dist_0_u2s_6aacixr._.js:719
[  175598ms] [LOG] [Fast Refresh] done in 17ms @ http://localhost:3210/_next/static/chunks/0z9b_next_dist_0_u2s_6aacixr._.js:719
[  175691ms] [LOG] [Fast Refresh] done in 17ms @ http://localhost:3210/_next/static/chunks/0z9b_next_dist_0_u2s_6aacixr._.js:719
[  175783ms] [LOG] [Fast Refresh] done in 17ms @ http://localhost:3210/_next/static/chunks/0z9b_next_dist_0_u2s_6aacixr._.js:719
[  175876ms] [LOG] [Fast Refresh] done in 17ms @ http://localhost:3210/_next/static/chunks/0z9b_next_dist_0_u2s_6aacixr._.js:719
[  175953ms] [LOG] [Fast Refresh] done in 17ms @ http://localhost:3210/_next/static/chunks/0z9b_next_dist_0_u2s_6aacixr._.js:719
[  176047ms] [LOG] [Fast Refresh] done in 17ms @ http://localhost:3210/_next/static/chunks/0z9b_next_dist_0_u2s_6aacixr._.js:719
[  176123ms] [LOG] [Fast Refresh] done in 17ms @ http://localhost:3210/_next/static/chunks/0z9b_next_dist_0_u2s_6aacixr._.js:719
[  176198ms] [LOG] [Fast Refresh] done in 17ms @ http://localhost:3210/_next/static/chunks/0z9b_next_dist_0_u2s_6aacixr._.js:719
[  176291ms] [LOG] [Fast Refresh] done in 17ms @ http://localhost:3210/_next/static/chunks/0z9b_next_dist_0_u2s_6aacixr._.js:719
[  176385ms] [LOG] [Fast Refresh] done in 17ms @ http://localhost:3210/_next/static/chunks/0z9b_next_dist_0_u2s_6aacixr._.js:719
[  176460ms] [LOG] [Fast Refresh] done in 17ms @ http://localhost:3210/_next/static/chunks/0z9b_next_dist_0_u2s_6aacixr._.js:719
[  176539ms] [LOG] [Fast Refresh] done in 17ms @ http://localhost:3210/_next/static/chunks/0z9b_next_dist_0_u2s_6aacixr._.js:719
[  176632ms] [LOG] [Fast Refresh] done in 17ms @ http://localhost:3210/_next/static/chunks/0z9b_next_dist_0_u2s_6aacixr._.js:719
[  176723ms] [LOG] [Fast Refresh] done in 17ms @ http://localhost:3210/_next/static/chunks/0z9b_next_dist_0_u2s_6aacixr._.js:719
[  176816ms] [LOG] [Fast Refresh] done in 17ms @ http://localhost:3210/_next/static/chunks/0z9b_next_dist_0_u2s_6aacixr._.js:719
[  176909ms] [LOG] [Fast Refresh] done in 17ms @ http://localhost:3210/_next/static/chunks/0z9b_next_dist_0_u2s_6aacixr._.js:719
[  176987ms] [LOG] [Fast Refresh] done in 17ms @ http://localhost:3210/_next/static/chunks/0z9b_next_dist_0_u2s_6aacixr._.js:719
[  177079ms] [LOG] [Fast Refresh] done in 17ms @ http://localhost:3210/_next/static/chunks/0z9b_next_dist_0_u2s_6aacixr._.js:719
[  177173ms] [LOG] [Fast Refresh] done in 17ms @ http://localhost:3210/_next/static/chunks/0z9b_next_dist_0_u2s_6aacixr._.js:719
[  177249ms] [LOG] [Fast Refresh] done in 17ms @ http://localhost:3210/_next/static/chunks/0z9b_next_dist_0_u2s_6aacixr._.js:719
[  177358ms] [LOG] [Fast Refresh] done in 17ms @ http://localhost:3210/_next/static/chunks/0z9b_next_dist_0_u2s_6aacixr._.js:719
[  177437ms] [LOG] [Fast Refresh] done in 17ms @ http://localhost:3210/_next/static/chunks/0z9b_next_dist_0_u2s_6aacixr._.js:719
[  177515ms] [LOG] [Fast Refresh] done in 17ms @ http://localhost:3210/_next/static/chunks/0z9b_next_dist_0_u2s_6aacixr._.js:719
[  177591ms] [LOG] [Fast Refresh] done in 17ms @ http://localhost:3210/_next/static/chunks/0z9b_next_dist_0_u2s_6aacixr._.js:719
[  177683ms] [LOG] [Fast Refresh] done in 17ms @ http://localhost:3210/_next/static/chunks/0z9b_next_dist_0_u2s_6aacixr._.js:719
[  177774ms] [LOG] [Fast Refresh] done in 17ms @ http://localhost:3210/_next/static/chunks/0z9b_next_dist_0_u2s_6aacixr._.js:719
[  177852ms] [LOG] [Fast Refresh] done in 17ms @ http://localhost:3210/_next/static/chunks/0z9b_next_dist_0_u2s_6aacixr._.js:719
[  177944ms] [LOG] [Fast Refresh] done in 17ms @ http://localhost:3210/_next/static/chunks/0z9b_next_dist_0_u2s_6aacixr._.js:719
[  178021ms] [LOG] [Fast Refresh] done in 17ms @ http://localhost:3210/_next/static/chunks/0z9b_next_dist_0_u2s_6aacixr._.js:719
[  178097ms] [LOG] [Fast Refresh] done in 17ms @ http://localhost:3210/_next/static/chunks/0z9b_next_dist_0_u2s_6aacixr._.js:719
[  178191ms] [LOG] [Fast Refresh] done in 17ms @ http://localhost:3210/_next/static/chunks/0z9b_next_dist_0_u2s_6aacixr._.js:719
[  178282ms] [LOG] [Fast Refresh] done in 17ms @ http://localhost:3210/_next/static/chunks/0z9b_next_dist_0_u2s_6aacixr._.js:719
[  178360ms] [LOG] [Fast Refresh] done in 17ms @ http://localhost:3210/_next/static/chunks/0z9b_next_dist_0_u2s_6aacixr._.js:719
[  178452ms] [LOG] [Fast Refresh] done in 17ms @ http://localhost:3210/_next/static/chunks/0z9b_next_dist_0_u2s_6aacixr._.js:719
[  178528ms] [LOG] [Fast Refresh] done in 17ms @ http://localhost:3210/_next/static/chunks/0z9b_next_dist_0_u2s_6aacixr._.js:719
[  178621ms] [LOG] [Fast Refresh] done in 17ms @ http://localhost:3210/_next/static/chunks/0z9b_next_dist_0_u2s_6aacixr._.js:719
[  178697ms] [LOG] [Fast Refresh] done in 17ms @ http://localhost:3210/_next/static/chunks/0z9b_next_dist_0_u2s_6aacixr._.js:719
[  178789ms] [LOG] [Fast Refresh] done in 17ms @ http://localhost:3210/_next/static/chunks/0z9b_next_dist_0_u2s_6aacixr._.js:719
[  178881ms] [LOG] [Fast Refresh] done in 17ms @ http://localhost:3210/_next/static/chunks/0z9b_next_dist_0_u2s_6aacixr._.js:719
[  178973ms] [LOG] [Fast Refresh] done in 17ms @ http://localhost:3210/_next/static/chunks/0z9b_next_dist_0_u2s_6aacixr._.js:719
[  179066ms] [LOG] [Fast Refresh] done in 17ms @ http://localhost:3210/_next/static/chunks/0z9b_next_dist_0_u2s_6aacixr._.js:719
[  179143ms] [LOG] [Fast Refresh] done in 17ms @ http://localhost:3210/_next/static/chunks/0z9b_next_dist_0_u2s_6aacixr._.js:719
[  179220ms] [LOG] [Fast Refresh] done in 17ms @ http://localhost:3210/_next/static/chunks/0z9b_next_dist_0_u2s_6aacixr._.js:719
[  179297ms] [LOG] [Fast Refresh] done in 17ms @ http://localhost:3210/_next/static/chunks/0z9b_next_dist_0_u2s_6aacixr._.js:719
[  179388ms] [LOG] [Fast Refresh] done in 17ms @ http://localhost:3210/_next/static/chunks/0z9b_next_dist_0_u2s_6aacixr._.js:719
[  179481ms] [LOG] [Fast Refresh] done in 17ms @ http://localhost:3210/_next/static/chunks/0z9b_next_dist_0_u2s_6aacixr._.js:719
[  179556ms] [LOG] [Fast Refresh] done in 17ms @ http://localhost:3210/_next/static/chunks/0z9b_next_dist_0_u2s_6aacixr._.js:719
[  179648ms] [LOG] [Fast Refresh] done in 17ms @ http://localhost:3210/_next/static/chunks/0z9b_next_dist_0_u2s_6aacixr._.js:719
[  179724ms] [LOG] [Fast Refresh] done in 17ms @ http://localhost:3210/_next/static/chunks/0z9b_next_dist_0_u2s_6aacixr._.js:719
[  179802ms] [LOG] [Fast Refresh] done in 17ms @ http://localhost:3210/_next/static/chunks/0z9b_next_dist_0_u2s_6aacixr._.js:719
[  179906ms] [LOG] [Fast Refresh] done in 17ms @ http://localhost:3210/_next/static/chunks/0z9b_next_dist_0_u2s_6aacixr._.js:719
[  179988ms] [LOG] [Fast Refresh] done in 17ms @ http://localhost:3210/_next/static/chunks/0z9b_next_dist_0_u2s_6aacixr._.js:719
[  180064ms] [LOG] [Fast Refresh] done in 17ms @ http://localhost:3210/_next/static/chunks/0z9b_next_dist_0_u2s_6aacixr._.js:719
[  180156ms] [LOG] [Fast Refresh] done in 17ms @ http://localhost:3210/_next/static/chunks/0z9b_next_dist_0_u2s_6aacixr._.js:719
[  180248ms] [LOG] [Fast Refresh] done in 17ms @ http://localhost:3210/_next/static/chunks/0z9b_next_dist_0_u2s_6aacixr._.js:719
[  180341ms] [LOG] [Fast Refresh] done in 17ms @ http://localhost:3210/_next/static/chunks/0z9b_next_dist_0_u2s_6aacixr._.js:719
[  180432ms] [LOG] [Fast Refresh] done in 17ms @ http://localhost:3210/_next/static/chunks/0z9b_next_dist_0_u2s_6aacixr._.js:719
[  180524ms] [LOG] [Fast Refresh] done in 17ms @ http://localhost:3210/_next/static/chunks/0z9b_next_dist_0_u2s_6aacixr._.js:719
[  180602ms] [LOG] [Fast Refresh] done in 17ms @ http://localhost:3210/_next/static/chunks/0z9b_next_dist_0_u2s_6aacixr._.js:719
[  180696ms] [LOG] [Fast Refresh] done in 17ms @ http://localhost:3210/_next/static/chunks/0z9b_next_dist_0_u2s_6aacixr._.js:719
[  180788ms] [LOG] [Fast Refresh] done in 17ms @ http://localhost:3210/_next/static/chunks/0z9b_next_dist_0_u2s_6aacixr._.js:719
[  180864ms] [LOG] [Fast Refresh] done in 17ms @ http://localhost:3210/_next/static/chunks/0z9b_next_dist_0_u2s_6aacixr._.js:719
[  180943ms] [LOG] [Fast Refresh] done in 17ms @ http://localhost:3210/_next/static/chunks/0z9b_next_dist_0_u2s_6aacixr._.js:719
[  181019ms] [LOG] [Fast Refresh] done in 17ms @ http://localhost:3210/_next/static/chunks/0z9b_next_dist_0_u2s_6aacixr._.js:719
[  181111ms] [LOG] [Fast Refresh] done in 17ms @ http://localhost:3210/_next/static/chunks/0z9b_next_dist_0_u2s_6aacixr._.js:719
[  181187ms] [LOG] [Fast Refresh] done in 17ms @ http://localhost:3210/_next/static/chunks/0z9b_next_dist_0_u2s_6aacixr._.js:719
[  181263ms] [LOG] [Fast Refresh] done in 17ms @ http://localhost:3210/_next/static/chunks/0z9b_next_dist_0_u2s_6aacixr._.js:719
[  181338ms] [LOG] [Fast Refresh] done in 17ms @ http://localhost:3210/_next/static/chunks/0z9b_next_dist_0_u2s_6aacixr._.js:719
[  181430ms] [LOG] [Fast Refresh] done in 17ms @ http://localhost:3210/_next/static/chunks/0z9b_next_dist_0_u2s_6aacixr._.js:719
[  181506ms] [LOG] [Fast Refresh] done in 17ms @ http://localhost:3210/_next/static/chunks/0z9b_next_dist_0_u2s_6aacixr._.js:719
[  181568ms] [LOG] [Fast Refresh] done in 17ms @ http://localhost:3210/_next/static/chunks/0z9b_next_dist_0_u2s_6aacixr._.js:719
[  181645ms] [LOG] [Fast Refresh] done in 17ms @ http://localhost:3210/_next/static/chunks/0z9b_next_dist_0_u2s_6aacixr._.js:719
[  181724ms] [LOG] [Fast Refresh] done in 17ms @ http://localhost:3210/_next/static/chunks/0z9b_next_dist_0_u2s_6aacixr._.js:719
[  181818ms] [LOG] [Fast Refresh] done in 17ms @ http://localhost:3210/_next/static/chunks/0z9b_next_dist_0_u2s_6aacixr._.js:719
[  181894ms] [LOG] [Fast Refresh] done in 17ms @ http://localhost:3210/_next/static/chunks/0z9b_next_dist_0_u2s_6aacixr._.js:719
[  181987ms] [LOG] [Fast Refresh] done in 17ms @ http://localhost:3210/_next/static/chunks/0z9b_next_dist_0_u2s_6aacixr._.js:719
[  182063ms] [LOG] [Fast Refresh] done in 17ms @ http://localhost:3210/_next/static/chunks/0z9b_next_dist_0_u2s_6aacixr._.js:719
[  182139ms] [LOG] [Fast Refresh] done in 17ms @ http://localhost:3210/_next/static/chunks/0z9b_next_dist_0_u2s_6aacixr._.js:719
[  182231ms] [LOG] [Fast Refresh] done in 17ms @ http://localhost:3210/_next/static/chunks/0z9b_next_dist_0_u2s_6aacixr._.js:719
[  182292ms] [LOG] [Fast Refresh] done in 17ms @ http://localhost:3210/_next/static/chunks/0z9b_next_dist_0_u2s_6aacixr._.js:719
[  182385ms] [LOG] [Fast Refresh] done in 17ms @ http://localhost:3210/_next/static/chunks/0z9b_next_dist_0_u2s_6aacixr._.js:719
[  182459ms] [LOG] [Fast Refresh] done in 17ms @ http://localhost:3210/_next/static/chunks/0z9b_next_dist_0_u2s_6aacixr._.js:719
[  182552ms] [LOG] [Fast Refresh] done in 17ms @ http://localhost:3210/_next/static/chunks/0z9b_next_dist_0_u2s_6aacixr._.js:719
[  182629ms] [LOG] [Fast Refresh] done in 17ms @ http://localhost:3210/_next/static/chunks/0z9b_next_dist_0_u2s_6aacixr._.js:719
[  182690ms] [LOG] [Fast Refresh] done in 17ms @ http://localhost:3210/_next/static/chunks/0z9b_next_dist_0_u2s_6aacixr._.js:719
[  182783ms] [LOG] [Fast Refresh] done in 17ms @ http://localhost:3210/_next/static/chunks/0z9b_next_dist_0_u2s_6aacixr._.js:719
[  182860ms] [LOG] [Fast Refresh] done in 17ms @ http://localhost:3210/_next/static/chunks/0z9b_next_dist_0_u2s_6aacixr._.js:719
[  182953ms] [LOG] [Fast Refresh] done in 17ms @ http://localhost:3210/_next/static/chunks/0z9b_next_dist_0_u2s_6aacixr._.js:719
[  183031ms] [LOG] [Fast Refresh] done in 17ms @ http://localhost:3210/_next/static/chunks/0z9b_next_dist_0_u2s_6aacixr._.js:719
[  183122ms] [LOG] [Fast Refresh] done in 17ms @ http://localhost:3210/_next/static/chunks/0z9b_next_dist_0_u2s_6aacixr._.js:719
[  183200ms] [LOG] [Fast Refresh] done in 17ms @ http://localhost:3210/_next/static/chunks/0z9b_next_dist_0_u2s_6aacixr._.js:719
[  183294ms] [LOG] [Fast Refresh] done in 17ms @ http://localhost:3210/_next/static/chunks/0z9b_next_dist_0_u2s_6aacixr._.js:719
[  183386ms] [LOG] [Fast Refresh] done in 17ms @ http://localhost:3210/_next/static/chunks/0z9b_next_dist_0_u2s_6aacixr._.js:719
[  183466ms] [LOG] [Fast Refresh] done in 17ms @ http://localhost:3210/_next/static/chunks/0z9b_next_dist_0_u2s_6aacixr._.js:719
[  183556ms] [LOG] [Fast Refresh] done in 17ms @ http://localhost:3210/_next/static/chunks/0z9b_next_dist_0_u2s_6aacixr._.js:719
[  183632ms] [LOG] [Fast Refresh] done in 17ms @ http://localhost:3210/_next/static/chunks/0z9b_next_dist_0_u2s_6aacixr._.js:719
[  183723ms] [LOG] [Fast Refresh] done in 17ms @ http://localhost:3210/_next/static/chunks/0z9b_next_dist_0_u2s_6aacixr._.js:719
[  183799ms] [LOG] [Fast Refresh] done in 17ms @ http://localhost:3210/_next/static/chunks/0z9b_next_dist_0_u2s_6aacixr._.js:719
[  183892ms] [LOG] [Fast Refresh] done in 17ms @ http://localhost:3210/_next/static/chunks/0z9b_next_dist_0_u2s_6aacixr._.js:719
[  183985ms] [LOG] [Fast Refresh] done in 17ms @ http://localhost:3210/_next/static/chunks/0z9b_next_dist_0_u2s_6aacixr._.js:719
[  184063ms] [LOG] [Fast Refresh] done in 17ms @ http://localhost:3210/_next/static/chunks/0z9b_next_dist_0_u2s_6aacixr._.js:719
[  184139ms] [LOG] [Fast Refresh] done in 17ms @ http://localhost:3210/_next/static/chunks/0z9b_next_dist_0_u2s_6aacixr._.js:719
[  184216ms] [LOG] [Fast Refresh] done in 17ms @ http://localhost:3210/_next/static/chunks/0z9b_next_dist_0_u2s_6aacixr._.js:719
[  184292ms] [LOG] [Fast Refresh] done in 17ms @ http://localhost:3210/_next/static/chunks/0z9b_next_dist_0_u2s_6aacixr._.js:719
[  184385ms] [LOG] [Fast Refresh] done in 17ms @ http://localhost:3210/_next/static/chunks/0z9b_next_dist_0_u2s_6aacixr._.js:719
[  184477ms] [LOG] [Fast Refresh] done in 17ms @ http://localhost:3210/_next/static/chunks/0z9b_next_dist_0_u2s_6aacixr._.js:719
[  184553ms] [LOG] [Fast Refresh] done in 17ms @ http://localhost:3210/_next/static/chunks/0z9b_next_dist_0_u2s_6aacixr._.js:719
[  184631ms] [LOG] [Fast Refresh] done in 17ms @ http://localhost:3210/_next/static/chunks/0z9b_next_dist_0_u2s_6aacixr._.js:719
[  184723ms] [LOG] [Fast Refresh] done in 17ms @ http://localhost:3210/_next/static/chunks/0z9b_next_dist_0_u2s_6aacixr._.js:719
[  184799ms] [LOG] [Fast Refresh] done in 17ms @ http://localhost:3210/_next/static/chunks/0z9b_next_dist_0_u2s_6aacixr._.js:719
[  184891ms] [LOG] [Fast Refresh] done in 17ms @ http://localhost:3210/_next/static/chunks/0z9b_next_dist_0_u2s_6aacixr._.js:719
[  184969ms] [LOG] [Fast Refresh] done in 17ms @ http://localhost:3210/_next/static/chunks/0z9b_next_dist_0_u2s_6aacixr._.js:719
[  185061ms] [LOG] [Fast Refresh] done in 17ms @ http://localhost:3210/_next/static/chunks/0z9b_next_dist_0_u2s_6aacixr._.js:719
[  185137ms] [LOG] [Fast Refresh] done in 17ms @ http://localhost:3210/_next/static/chunks/0z9b_next_dist_0_u2s_6aacixr._.js:719
[  185215ms] [LOG] [Fast Refresh] done in 17ms @ http://localhost:3210/_next/static/chunks/0z9b_next_dist_0_u2s_6aacixr._.js:719
[  185307ms] [LOG] [Fast Refresh] done in 17ms @ http://localhost:3210/_next/static/chunks/0z9b_next_dist_0_u2s_6aacixr._.js:719
[  185398ms] [LOG] [Fast Refresh] done in 17ms @ http://localhost:3210/_next/static/chunks/0z9b_next_dist_0_u2s_6aacixr._.js:719
[  185475ms] [LOG] [Fast Refresh] done in 17ms @ http://localhost:3210/_next/static/chunks/0z9b_next_dist_0_u2s_6aacixr._.js:719
[  185537ms] [LOG] [Fast Refresh] done in 17ms @ http://localhost:3210/_next/static/chunks/0z9b_next_dist_0_u2s_6aacixr._.js:719
[  185627ms] [LOG] [Fast Refresh] done in 17ms @ http://localhost:3210/_next/static/chunks/0z9b_next_dist_0_u2s_6aacixr._.js:719
[  185690ms] [LOG] [Fast Refresh] done in 17ms @ http://localhost:3210/_next/static/chunks/0z9b_next_dist_0_u2s_6aacixr._.js:719
[  185768ms] [LOG] [Fast Refresh] done in 17ms @ http://localhost:3210/_next/static/chunks/0z9b_next_dist_0_u2s_6aacixr._.js:719
[  185844ms] [LOG] [Fast Refresh] done in 17ms @ http://localhost:3210/_next/static/chunks/0z9b_next_dist_0_u2s_6aacixr._.js:719
[  185940ms] [LOG] [Fast Refresh] done in 17ms @ http://localhost:3210/_next/static/chunks/0z9b_next_dist_0_u2s_6aacixr._.js:719
[  186018ms] [LOG] [Fast Refresh] done in 17ms @ http://localhost:3210/_next/static/chunks/0z9b_next_dist_0_u2s_6aacixr._.js:719
[  186094ms] [LOG] [Fast Refresh] done in 17ms @ http://localhost:3210/_next/static/chunks/0z9b_next_dist_0_u2s_6aacixr._.js:719
[  186187ms] [LOG] [Fast Refresh] done in 17ms @ http://localhost:3210/_next/static/chunks/0z9b_next_dist_0_u2s_6aacixr._.js:719
[  186453ms] [INFO] %cDownload the React DevTools for a better development experience: https://react.dev/link/react-devtools font-weight:bold @ http://localhost:3210/_next/static/chunks/0z9b_next_dist_0_u2s_6aacixr._.js:719
[  186482ms] [LOG] [HMR] connected @ http://localhost:3210/_next/static/chunks/0z9b_next_dist_0_u2s_6aacixr._.js:719
[  188421ms] [LOG] [Fast Refresh] rebuilding @ http://localhost:3210/_next/static/chunks/0z9b_next_dist_0_u2s_6aacixr._.js:719
[  188729ms] [INFO] %cDownload the React DevTools for a better development experience: https://react.dev/link/react-devtools font-weight:bold @ http://localhost:3210/_next/static/chunks/0z9b_next_dist_0_u2s_6aacixr._.js:719
[  188746ms] [LOG] [HMR] connected @ http://localhost:3210/_next/static/chunks/0z9b_next_dist_0_u2s_6aacixr._.js:719
[  190703ms] [LOG] [Fast Refresh] rebuilding @ http://localhost:3210/_next/static/chunks/0z9b_next_dist_0_u2s_6aacixr._.js:719
[  191142ms] [INFO] %cDownload the React DevTools for a better development experience: https://react.dev/link/react-devtools font-weight:bold @ http://localhost:3210/_next/static/chunks/0z9b_next_dist_0_u2s_6aacixr._.js:719
[  191154ms] [LOG] [HMR] connected @ http://localhost:3210/_next/static/chunks/0z9b_next_dist_0_u2s_6aacixr._.js:719
[  193114ms] [LOG] [Fast Refresh] rebuilding @ http://localhost:3210/_next/static/chunks/0z9b_next_dist_0_u2s_6aacixr._.js:719
[  193205ms] [LOG] [Fast Refresh] done in 199ms @ http://localhost:3210/_next/static/chunks/0z9b_next_dist_0_u2s_6aacixr._.js:719
[  193786ms] [INFO] %cDownload the React DevTools for a better development experience: https://react.dev/link/react-devtools font-weight:bold @ http://localhost:3210/_next/static/chunks/0z9b_next_dist_0_u2s_6aacixr._.js:719
[  193796ms] [LOG] [HMR] connected @ http://localhost:3210/_next/static/chunks/0z9b_next_dist_0_u2s_6aacixr._.js:719
[  194469ms] [ERROR] Error: Route "/templates/[id]": Next.js encountered URL data during prerendering or a navigation.

`params` or `searchParams` accessed outside of `<Suspense>` may prevent the navigation from being instant, leading to a slower user experience.

Ways to fix this:
  - [stream] Provide a placeholder with `<Suspense fallback={...}>` around the data access
  - [block] Set `export const instant = false` to allow a blocking route

Learn more: https://nextjs.org/docs/messages/instant-shell-url-data
    at TemplatePage (about://React/Server/D:%5CCodebox%5Cninedeploy.com%5C.next%5Cdev%5Cserver%5Cchunks%5Cssr%5C%5Broot-of-the-server%5D__1u-cuz-zfp21r._.js?76:64:20)
    at resolveErrorDev (http://localhost:3210/_next/static/chunks/0z9b_next_dist_compiled_react-server-dom-turbopack_0d91qbkft3n56._.js:2021:105)
    at getOutlinedModel (http://localhost:3210/_next/static/chunks/0z9b_next_dist_compiled_react-server-dom-turbopack_0d91qbkft3n56._.js:1560:28)
    at parseModelString (http://localhost:3210/_next/static/chunks/0z9b_next_dist_compiled_react-server-dom-turbopack_0d91qbkft3n56._.js:1680:50)
    at reviveModel (http://localhost:3210/_next/static/chunks/0z9b_next_dist_compiled_react-server-dom-turbopack_0d91qbkft3n56._.js:2626:66)
    at reviveModel (http://localhost:3210/_next/static/chunks/0z9b_next_dist_compiled_react-server-dom-turbopack_0d91qbkft3n56._.js:2629:61)
    at reviveModel (http://localhost:3210/_next/static/chunks/0z9b_next_dist_compiled_react-server-dom-turbopack_0d91qbkft3n56._.js:2708:112)
    at parseModel (http://localhost:3210/_next/static/chunks/0z9b_next_dist_compiled_react-server-dom-turbopack_0d91qbkft3n56._.js:2621:16)
    at initializeModelChunk (http://localhost:3210/_next/static/chunks/0z9b_next_dist_compiled_react-server-dom-turbopack_0d91qbkft3n56._.js:1137:25)
    at resolveModelChunk (http://localhost:3210/_next/static/chunks/0z9b_next_dist_compiled_react-server-dom-turbopack_0d91qbkft3n56._.js:1035:43)
    at processFullStringRow (http://localhost:3210/_next/static/chunks/0z9b_next_dist_compiled_react-server-dom-turbopack_0d91qbkft3n56._.js:2577:371)
    at processFullBinaryRow (http://localhost:3210/_next/static/chunks/0z9b_next_dist_compiled_react-server-dom-turbopack_0d91qbkft3n56._.js:2499:9)
    at processBinaryChunk (http://localhost:3210/_next/static/chunks/0z9b_next_dist_compiled_react-server-dom-turbopack_0d91qbkft3n56._.js:2606:221)
    at progress (http://localhost:3210/_next/static/chunks/0z9b_next_dist_compiled_react-server-dom-turbopack_0d91qbkft3n56._.js:2793:13) @ http://localhost:3210/_next/static/chunks/0z9b_next_dist_0_u2s_6aacixr._.js:995
[  195743ms] [LOG] [Fast Refresh] rebuilding @ http://localhost:3210/_next/static/chunks/0z9b_next_dist_0_u2s_6aacixr._.js:719
[  195967ms] [INFO] %cDownload the React DevTools for a better development experience: https://react.dev/link/react-devtools font-weight:bold @ http://localhost:3210/_next/static/chunks/0z9b_next_dist_0_u2s_6aacixr._.js:719
[  196002ms] [LOG] [HMR] connected @ http://localhost:3210/_next/static/chunks/0z9b_next_dist_0_u2s_6aacixr._.js:719
[  197984ms] [LOG] [Fast Refresh] rebuilding @ http://localhost:3210/_next/static/chunks/0z9b_next_dist_0_u2s_6aacixr._.js:719
[  198197ms] [INFO] %cDownload the React DevTools for a better development experience: https://react.dev/link/react-devtools font-weight:bold @ http://localhost:3210/_next/static/chunks/0z9b_next_dist_0_u2s_6aacixr._.js:719
[  198218ms] [LOG] [HMR] connected @ http://localhost:3210/_next/static/chunks/0z9b_next_dist_0_u2s_6aacixr._.js:719
[  200153ms] [LOG] [Fast Refresh] rebuilding @ http://localhost:3210/_next/static/chunks/0z9b_next_dist_0_u2s_6aacixr._.js:719
[  200245ms] [LOG] [Fast Refresh] done in 200ms @ http://localhost:3210/_next/static/chunks/0z9b_next_dist_0_u2s_6aacixr._.js:719
[  200830ms] [INFO] %cDownload the React DevTools for a better development experience: https://react.dev/link/react-devtools font-weight:bold @ http://localhost:3210/_next/static/chunks/0z9b_next_dist_0_u2s_6aacixr._.js:719
[  200873ms] [LOG] [HMR] connected @ http://localhost:3210/_next/static/chunks/0z9b_next_dist_0_u2s_6aacixr._.js:719
[  201439ms] [ERROR] Error: Route "/docs/[slug]": Next.js encountered URL data during prerendering or a navigation.

`params` or `searchParams` accessed outside of `<Suspense>` may prevent the navigation from being instant, leading to a slower user experience.

Ways to fix this:
  - [stream] Provide a placeholder with `<Suspense fallback={...}>` around the data access
  - [block] Set `export const instant = false` to allow a blocking route

Learn more: https://nextjs.org/docs/messages/instant-shell-url-data
    at DocPage (about://React/Server/D:%5CCodebox%5Cninedeploy.com%5C.next%5Cdev%5Cserver%5Cchunks%5Cssr%5C%5Broot-of-the-server%5D__1g6gcsrvpfj8j._.js?78:53:22)
    at resolveErrorDev (http://localhost:3210/_next/static/chunks/0z9b_next_dist_compiled_react-server-dom-turbopack_0d91qbkft3n56._.js:2021:105)
    at getOutlinedModel (http://localhost:3210/_next/static/chunks/0z9b_next_dist_compiled_react-server-dom-turbopack_0d91qbkft3n56._.js:1560:28)
    at parseModelString (http://localhost:3210/_next/static/chunks/0z9b_next_dist_compiled_react-server-dom-turbopack_0d91qbkft3n56._.js:1680:50)
    at reviveModel (http://localhost:3210/_next/static/chunks/0z9b_next_dist_compiled_react-server-dom-turbopack_0d91qbkft3n56._.js:2626:66)
    at reviveModel (http://localhost:3210/_next/static/chunks/0z9b_next_dist_compiled_react-server-dom-turbopack_0d91qbkft3n56._.js:2629:61)
    at reviveModel (http://localhost:3210/_next/static/chunks/0z9b_next_dist_compiled_react-server-dom-turbopack_0d91qbkft3n56._.js:2708:112)
    at parseModel (http://localhost:3210/_next/static/chunks/0z9b_next_dist_compiled_react-server-dom-turbopack_0d91qbkft3n56._.js:2621:16)
    at initializeModelChunk (http://localhost:3210/_next/static/chunks/0z9b_next_dist_compiled_react-server-dom-turbopack_0d91qbkft3n56._.js:1137:25)
    at resolveModelChunk (http://localhost:3210/_next/static/chunks/0z9b_next_dist_compiled_react-server-dom-turbopack_0d91qbkft3n56._.js:1035:43)
    at processFullStringRow (http://localhost:3210/_next/static/chunks/0z9b_next_dist_compiled_react-server-dom-turbopack_0d91qbkft3n56._.js:2577:371)
    at processFullBinaryRow (http://localhost:3210/_next/static/chunks/0z9b_next_dist_compiled_react-server-dom-turbopack_0d91qbkft3n56._.js:2499:9)
    at processBinaryChunk (http://localhost:3210/_next/static/chunks/0z9b_next_dist_compiled_react-server-dom-turbopack_0d91qbkft3n56._.js:2606:221)
    at progress (http://localhost:3210/_next/static/chunks/0z9b_next_dist_compiled_react-server-dom-turbopack_0d91qbkft3n56._.js:2793:13) @ http://localhost:3210/_next/static/chunks/0z9b_next_dist_0_u2s_6aacixr._.js:995
[  202895ms] [LOG] [Fast Refresh] rebuilding @ http://localhost:3210/_next/static/chunks/0z9b_next_dist_0_u2s_6aacixr._.js:719
[  202942ms] [LOG] [Fast Refresh] done in 153ms @ http://localhost:3210/_next/static/chunks/0z9b_next_dist_0_u2s_6aacixr._.js:719
[  203097ms] [INFO] %cDownload the React DevTools for a better development experience: https://react.dev/link/react-devtools font-weight:bold @ http://localhost:3210/_next/static/chunks/0z9b_next_dist_0_u2s_6aacixr._.js:719
[  203120ms] [LOG] [HMR] connected @ http://localhost:3210/_next/static/chunks/0z9b_next_dist_0_u2s_6aacixr._.js:719
[  205078ms] [LOG] [Fast Refresh] rebuilding @ http://localhost:3210/_next/static/chunks/0z9b_next_dist_0_u2s_6aacixr._.js:719
[  205123ms] [LOG] [Fast Refresh] done in 153ms @ http://localhost:3210/_next/static/chunks/0z9b_next_dist_0_u2s_6aacixr._.js:719
[  205199ms] [ERROR] Failed to load resource: the server responded with a status of 404 (Not Found) @ http://localhost:3210/nope:0
[  205240ms] [INFO] %cDownload the React DevTools for a better development experience: https://react.dev/link/react-devtools font-weight:bold @ http://localhost:3210/_next/static/chunks/0z9b_next_dist_0_u2s_6aacixr._.js:719
[  205258ms] [LOG] [HMR] connected @ http://localhost:3210/_next/static/chunks/0z9b_next_dist_0_u2s_6aacixr._.js:719
[  207293ms] [INFO] %cDownload the React DevTools for a better development experience: https://react.dev/link/react-devtools font-weight:bold @ http://localhost:3210/_next/static/chunks/0z9b_next_dist_0_u2s_6aacixr._.js:719
[  207328ms] [LOG] [HMR] connected @ http://localhost:3210/_next/static/chunks/0z9b_next_dist_0_u2s_6aacixr._.js:719
[  244609ms] [LOG] [Fast Refresh] rebuilding @ http://localhost:3210/_next/static/chunks/0z9b_next_dist_0_u2s_6aacixr._.js:719
[  244693ms] [LOG] [Fast Refresh] done in 79ms @ http://localhost:3210/_next/static/chunks/0z9b_next_dist_0_u2s_6aacixr._.js:719
[  244733ms] [LOG] [Fast Refresh] done in 79ms @ http://localhost:3210/_next/static/chunks/0z9b_next_dist_0_u2s_6aacixr._.js:719
[  244863ms] [LOG] [Fast Refresh] done in 79ms @ http://localhost:3210/_next/static/chunks/0z9b_next_dist_0_u2s_6aacixr._.js:719
[  244955ms] [LOG] [Fast Refresh] done in 79ms @ http://localhost:3210/_next/static/chunks/0z9b_next_dist_0_u2s_6aacixr._.js:719
[  245032ms] [LOG] [Fast Refresh] done in 79ms @ http://localhost:3210/_next/static/chunks/0z9b_next_dist_0_u2s_6aacixr._.js:719
[  245125ms] [LOG] [Fast Refresh] done in 79ms @ http://localhost:3210/_next/static/chunks/0z9b_next_dist_0_u2s_6aacixr._.js:719
[  245202ms] [LOG] [Fast Refresh] done in 79ms @ http://localhost:3210/_next/static/chunks/0z9b_next_dist_0_u2s_6aacixr._.js:719
[  245294ms] [LOG] [Fast Refresh] done in 79ms @ http://localhost:3210/_next/static/chunks/0z9b_next_dist_0_u2s_6aacixr._.js:719
[  245385ms] [LOG] [Fast Refresh] done in 79ms @ http://localhost:3210/_next/static/chunks/0z9b_next_dist_0_u2s_6aacixr._.js:719
[  245477ms] [LOG] [Fast Refresh] done in 79ms @ http://localhost:3210/_next/static/chunks/0z9b_next_dist_0_u2s_6aacixr._.js:719
[  245569ms] [LOG] [Fast Refresh] done in 79ms @ http://localhost:3210/_next/static/chunks/0z9b_next_dist_0_u2s_6aacixr._.js:719
[  245664ms] [LOG] [Fast Refresh] done in 79ms @ http://localhost:3210/_next/static/chunks/0z9b_next_dist_0_u2s_6aacixr._.js:719
[  245755ms] [LOG] [Fast Refresh] done in 79ms @ http://localhost:3210/_next/static/chunks/0z9b_next_dist_0_u2s_6aacixr._.js:719
[  245849ms] [LOG] [Fast Refresh] done in 79ms @ http://localhost:3210/_next/static/chunks/0z9b_next_dist_0_u2s_6aacixr._.js:719
[  245927ms] [LOG] [Fast Refresh] done in 79ms @ http://localhost:3210/_next/static/chunks/0z9b_next_dist_0_u2s_6aacixr._.js:719
[  246006ms] [LOG] [Fast Refresh] done in 79ms @ http://localhost:3210/_next/static/chunks/0z9b_next_dist_0_u2s_6aacixr._.js:719
[  246114ms] [LOG] [Fast Refresh] done in 79ms @ http://localhost:3210/_next/static/chunks/0z9b_next_dist_0_u2s_6aacixr._.js:719
[  246221ms] [LOG] [Fast Refresh] done in 79ms @ http://localhost:3210/_next/static/chunks/0z9b_next_dist_0_u2s_6aacixr._.js:719
[  246299ms] [LOG] [Fast Refresh] done in 79ms @ http://localhost:3210/_next/static/chunks/0z9b_next_dist_0_u2s_6aacixr._.js:719
[  246407ms] [LOG] [Fast Refresh] done in 79ms @ http://localhost:3210/_next/static/chunks/0z9b_next_dist_0_u2s_6aacixr._.js:719
[  256081ms] [INFO] %cDownload the React DevTools for a better development experience: https://react.dev/link/react-devtools font-weight:bold @ http://localhost:3210/_next/static/chunks/0z9b_next_dist_0_u2s_6aacixr._.js:719
[  256097ms] [LOG] [HMR] connected @ http://localhost:3210/_next/static/chunks/0z9b_next_dist_0_u2s_6aacixr._.js:719
[  258536ms] [INFO] %cDownload the React DevTools for a better development experience: https://react.dev/link/react-devtools font-weight:bold @ http://localhost:3210/_next/static/chunks/0z9b_next_dist_0_u2s_6aacixr._.js:719
[  258572ms] [LOG] [HMR] connected @ http://localhost:3210/_next/static/chunks/0z9b_next_dist_0_u2s_6aacixr._.js:719
[  260886ms] [INFO] %cDownload the React DevTools for a better development experience: https://react.dev/link/react-devtools font-weight:bold @ http://localhost:3210/_next/static/chunks/0z9b_next_dist_0_u2s_6aacixr._.js:719
[  260906ms] [LOG] [HMR] connected @ http://localhost:3210/_next/static/chunks/0z9b_next_dist_0_u2s_6aacixr._.js:719
[  263245ms] [INFO] %cDownload the React DevTools for a better development experience: https://react.dev/link/react-devtools font-weight:bold @ http://localhost:3210/_next/static/chunks/0z9b_next_dist_0_u2s_6aacixr._.js:719
[  263267ms] [LOG] [HMR] connected @ http://localhost:3210/_next/static/chunks/0z9b_next_dist_0_u2s_6aacixr._.js:719
[  265560ms] [INFO] %cDownload the React DevTools for a better development experience: https://react.dev/link/react-devtools font-weight:bold @ http://localhost:3210/_next/static/chunks/0z9b_next_dist_0_u2s_6aacixr._.js:719
[  265573ms] [LOG] [HMR] connected @ http://localhost:3210/_next/static/chunks/0z9b_next_dist_0_u2s_6aacixr._.js:719
[  267813ms] [INFO] %cDownload the React DevTools for a better development experience: https://react.dev/link/react-devtools font-weight:bold @ http://localhost:3210/_next/static/chunks/0z9b_next_dist_0_u2s_6aacixr._.js:719
[  267836ms] [LOG] [HMR] connected @ http://localhost:3210/_next/static/chunks/0z9b_next_dist_0_u2s_6aacixr._.js:719
[  270015ms] [ERROR] Failed to load resource: the server responded with a status of 404 (Not Found) @ http://localhost:3210/nope:0
[  270048ms] [INFO] %cDownload the React DevTools for a better development experience: https://react.dev/link/react-devtools font-weight:bold @ http://localhost:3210/_next/static/chunks/0z9b_next_dist_0_u2s_6aacixr._.js:719
[  270065ms] [LOG] [HMR] connected @ http://localhost:3210/_next/static/chunks/0z9b_next_dist_0_u2s_6aacixr._.js:719
[  272400ms] [INFO] %cDownload the React DevTools for a better development experience: https://react.dev/link/react-devtools font-weight:bold @ http://localhost:3210/_next/static/chunks/0z9b_next_dist_0_u2s_6aacixr._.js:719
[  272431ms] [LOG] [HMR] connected @ http://localhost:3210/_next/static/chunks/0z9b_next_dist_0_u2s_6aacixr._.js:719
[  299335ms] [LOG] [Fast Refresh] rebuilding @ http://localhost:3210/_next/static/chunks/0z9b_next_dist_0_u2s_6aacixr._.js:719
[  299415ms] [LOG] [Fast Refresh] done in 84ms @ http://localhost:3210/_next/static/chunks/0z9b_next_dist_0_u2s_6aacixr._.js:719
[  299469ms] [LOG] [Fast Refresh] done in 84ms @ http://localhost:3210/_next/static/chunks/0z9b_next_dist_0_u2s_6aacixr._.js:719
[  299470ms] [LOG] [Fast Refresh] done in 84ms @ http://localhost:3210/_next/static/chunks/0z9b_next_dist_0_u2s_6aacixr._.js:719
[  299530ms] [LOG] [Fast Refresh] done in 84ms @ http://localhost:3210/_next/static/chunks/0z9b_next_dist_0_u2s_6aacixr._.js:719
[  299562ms] [LOG] [Fast Refresh] done in 84ms @ http://localhost:3210/_next/static/chunks/0z9b_next_dist_0_u2s_6aacixr._.js:719
[  299653ms] [LOG] [Fast Refresh] done in 84ms @ http://localhost:3210/_next/static/chunks/0z9b_next_dist_0_u2s_6aacixr._.js:719
[  299757ms] [LOG] [Fast Refresh] done in 84ms @ http://localhost:3210/_next/static/chunks/0z9b_next_dist_0_u2s_6aacixr._.js:719
[  299842ms] [LOG] [Fast Refresh] done in 84ms @ http://localhost:3210/_next/static/chunks/0z9b_next_dist_0_u2s_6aacixr._.js:719
[  299930ms] [LOG] [Fast Refresh] done in 84ms @ http://localhost:3210/_next/static/chunks/0z9b_next_dist_0_u2s_6aacixr._.js:719
[  300007ms] [LOG] [Fast Refresh] done in 84ms @ http://localhost:3210/_next/static/chunks/0z9b_next_dist_0_u2s_6aacixr._.js:719
[  300084ms] [LOG] [Fast Refresh] done in 84ms @ http://localhost:3210/_next/static/chunks/0z9b_next_dist_0_u2s_6aacixr._.js:719
[  300160ms] [LOG] [Fast Refresh] done in 84ms @ http://localhost:3210/_next/static/chunks/0z9b_next_dist_0_u2s_6aacixr._.js:719
[  300251ms] [LOG] [Fast Refresh] done in 84ms @ http://localhost:3210/_next/static/chunks/0z9b_next_dist_0_u2s_6aacixr._.js:719
[  300343ms] [LOG] [Fast Refresh] done in 84ms @ http://localhost:3210/_next/static/chunks/0z9b_next_dist_0_u2s_6aacixr._.js:719
[  300421ms] [LOG] [Fast Refresh] done in 84ms @ http://localhost:3210/_next/static/chunks/0z9b_next_dist_0_u2s_6aacixr._.js:719
[  300511ms] [LOG] [Fast Refresh] done in 84ms @ http://localhost:3210/_next/static/chunks/0z9b_next_dist_0_u2s_6aacixr._.js:719
[  300604ms] [LOG] [Fast Refresh] done in 84ms @ http://localhost:3210/_next/static/chunks/0z9b_next_dist_0_u2s_6aacixr._.js:719
[  300695ms] [LOG] [Fast Refresh] done in 84ms @ http://localhost:3210/_next/static/chunks/0z9b_next_dist_0_u2s_6aacixr._.js:719
[  300788ms] [LOG] [Fast Refresh] done in 84ms @ http://localhost:3210/_next/static/chunks/0z9b_next_dist_0_u2s_6aacixr._.js:719
[  300864ms] [LOG] [Fast Refresh] done in 84ms @ http://localhost:3210/_next/static/chunks/0z9b_next_dist_0_u2s_6aacixr._.js:719
[  300958ms] [LOG] [Fast Refresh] done in 84ms @ http://localhost:3210/_next/static/chunks/0z9b_next_dist_0_u2s_6aacixr._.js:719
[  301027ms] [LOG] [Fast Refresh] done in 84ms @ http://localhost:3210/_next/static/chunks/0z9b_next_dist_0_u2s_6aacixr._.js:719
[  301131ms] [LOG] [Fast Refresh] done in 84ms @ http://localhost:3210/_next/static/chunks/0z9b_next_dist_0_u2s_6aacixr._.js:719
[  301221ms] [LOG] [Fast Refresh] done in 84ms @ http://localhost:3210/_next/static/chunks/0z9b_next_dist_0_u2s_6aacixr._.js:719
[  301298ms] [LOG] [Fast Refresh] done in 84ms @ http://localhost:3210/_next/static/chunks/0z9b_next_dist_0_u2s_6aacixr._.js:719
[  301376ms] [LOG] [Fast Refresh] done in 84ms @ http://localhost:3210/_next/static/chunks/0z9b_next_dist_0_u2s_6aacixr._.js:719
[  301454ms] [LOG] [Fast Refresh] done in 84ms @ http://localhost:3210/_next/static/chunks/0z9b_next_dist_0_u2s_6aacixr._.js:719
[  301546ms] [LOG] [Fast Refresh] done in 84ms @ http://localhost:3210/_next/static/chunks/0z9b_next_dist_0_u2s_6aacixr._.js:719
[  301638ms] [LOG] [Fast Refresh] done in 84ms @ http://localhost:3210/_next/static/chunks/0z9b_next_dist_0_u2s_6aacixr._.js:719
[  301716ms] [LOG] [Fast Refresh] done in 84ms @ http://localhost:3210/_next/static/chunks/0z9b_next_dist_0_u2s_6aacixr._.js:719
[  301808ms] [LOG] [Fast Refresh] done in 84ms @ http://localhost:3210/_next/static/chunks/0z9b_next_dist_0_u2s_6aacixr._.js:719
[  301885ms] [LOG] [Fast Refresh] done in 84ms @ http://localhost:3210/_next/static/chunks/0z9b_next_dist_0_u2s_6aacixr._.js:719
[  301978ms] [LOG] [Fast Refresh] done in 84ms @ http://localhost:3210/_next/static/chunks/0z9b_next_dist_0_u2s_6aacixr._.js:719
[  302071ms] [LOG] [Fast Refresh] done in 84ms @ http://localhost:3210/_next/static/chunks/0z9b_next_dist_0_u2s_6aacixr._.js:719
[  302148ms] [LOG] [Fast Refresh] done in 84ms @ http://localhost:3210/_next/static/chunks/0z9b_next_dist_0_u2s_6aacixr._.js:719
[  302240ms] [LOG] [Fast Refresh] done in 84ms @ http://localhost:3210/_next/static/chunks/0z9b_next_dist_0_u2s_6aacixr._.js:719
[  302333ms] [LOG] [Fast Refresh] done in 84ms @ http://localhost:3210/_next/static/chunks/0z9b_next_dist_0_u2s_6aacixr._.js:719
[  302425ms] [LOG] [Fast Refresh] done in 84ms @ http://localhost:3210/_next/static/chunks/0z9b_next_dist_0_u2s_6aacixr._.js:719
[  302518ms] [LOG] [Fast Refresh] done in 84ms @ http://localhost:3210/_next/static/chunks/0z9b_next_dist_0_u2s_6aacixr._.js:719
[  302595ms] [LOG] [Fast Refresh] done in 84ms @ http://localhost:3210/_next/static/chunks/0z9b_next_dist_0_u2s_6aacixr._.js:719
[  302688ms] [LOG] [Fast Refresh] done in 84ms @ http://localhost:3210/_next/static/chunks/0z9b_next_dist_0_u2s_6aacixr._.js:719
[  302766ms] [LOG] [Fast Refresh] done in 84ms @ http://localhost:3210/_next/static/chunks/0z9b_next_dist_0_u2s_6aacixr._.js:719
[  302859ms] [LOG] [Fast Refresh] done in 84ms @ http://localhost:3210/_next/static/chunks/0z9b_next_dist_0_u2s_6aacixr._.js:719
[  302952ms] [LOG] [Fast Refresh] done in 84ms @ http://localhost:3210/_next/static/chunks/0z9b_next_dist_0_u2s_6aacixr._.js:719
[  303044ms] [LOG] [Fast Refresh] done in 84ms @ http://localhost:3210/_next/static/chunks/0z9b_next_dist_0_u2s_6aacixr._.js:719
[  303122ms] [LOG] [Fast Refresh] done in 84ms @ http://localhost:3210/_next/static/chunks/0z9b_next_dist_0_u2s_6aacixr._.js:719
[  303215ms] [LOG] [Fast Refresh] done in 84ms @ http://localhost:3210/_next/static/chunks/0z9b_next_dist_0_u2s_6aacixr._.js:719
[  303291ms] [LOG] [Fast Refresh] done in 84ms @ http://localhost:3210/_next/static/chunks/0z9b_next_dist_0_u2s_6aacixr._.js:719
[  303383ms] [LOG] [Fast Refresh] done in 84ms @ http://localhost:3210/_next/static/chunks/0z9b_next_dist_0_u2s_6aacixr._.js:719
[  303477ms] [LOG] [Fast Refresh] done in 84ms @ http://localhost:3210/_next/static/chunks/0z9b_next_dist_0_u2s_6aacixr._.js:719
[  303553ms] [LOG] [Fast Refresh] done in 84ms @ http://localhost:3210/_next/static/chunks/0z9b_next_dist_0_u2s_6aacixr._.js:719
[  303632ms] [LOG] [Fast Refresh] done in 84ms @ http://localhost:3210/_next/static/chunks/0z9b_next_dist_0_u2s_6aacixr._.js:719
[  303724ms] [LOG] [Fast Refresh] done in 84ms @ http://localhost:3210/_next/static/chunks/0z9b_next_dist_0_u2s_6aacixr._.js:719
[  303816ms] [LOG] [Fast Refresh] done in 84ms @ http://localhost:3210/_next/static/chunks/0z9b_next_dist_0_u2s_6aacixr._.js:719
[  303894ms] [LOG] [Fast Refresh] done in 84ms @ http://localhost:3210/_next/static/chunks/0z9b_next_dist_0_u2s_6aacixr._.js:719
[  303971ms] [LOG] [Fast Refresh] done in 84ms @ http://localhost:3210/_next/static/chunks/0z9b_next_dist_0_u2s_6aacixr._.js:719
[  304064ms] [LOG] [Fast Refresh] done in 84ms @ http://localhost:3210/_next/static/chunks/0z9b_next_dist_0_u2s_6aacixr._.js:719
[  304141ms] [LOG] [Fast Refresh] done in 84ms @ http://localhost:3210/_next/static/chunks/0z9b_next_dist_0_u2s_6aacixr._.js:719
[  304219ms] [LOG] [Fast Refresh] done in 84ms @ http://localhost:3210/_next/static/chunks/0z9b_next_dist_0_u2s_6aacixr._.js:719
[  304314ms] [LOG] [Fast Refresh] done in 84ms @ http://localhost:3210/_next/static/chunks/0z9b_next_dist_0_u2s_6aacixr._.js:719
[  304390ms] [LOG] [Fast Refresh] done in 84ms @ http://localhost:3210/_next/static/chunks/0z9b_next_dist_0_u2s_6aacixr._.js:719
[  304468ms] [LOG] [Fast Refresh] done in 84ms @ http://localhost:3210/_next/static/chunks/0z9b_next_dist_0_u2s_6aacixr._.js:719
[  304560ms] [LOG] [Fast Refresh] done in 84ms @ http://localhost:3210/_next/static/chunks/0z9b_next_dist_0_u2s_6aacixr._.js:719
[  304653ms] [LOG] [Fast Refresh] done in 84ms @ http://localhost:3210/_next/static/chunks/0z9b_next_dist_0_u2s_6aacixr._.js:719
[  304743ms] [LOG] [Fast Refresh] done in 84ms @ http://localhost:3210/_next/static/chunks/0z9b_next_dist_0_u2s_6aacixr._.js:719
[  304820ms] [LOG] [Fast Refresh] done in 84ms @ http://localhost:3210/_next/static/chunks/0z9b_next_dist_0_u2s_6aacixr._.js:719
[  304898ms] [LOG] [Fast Refresh] done in 84ms @ http://localhost:3210/_next/static/chunks/0z9b_next_dist_0_u2s_6aacixr._.js:719
[  304990ms] [LOG] [Fast Refresh] done in 84ms @ http://localhost:3210/_next/static/chunks/0z9b_next_dist_0_u2s_6aacixr._.js:719
[  305082ms] [LOG] [Fast Refresh] done in 84ms @ http://localhost:3210/_next/static/chunks/0z9b_next_dist_0_u2s_6aacixr._.js:719
[  305159ms] [LOG] [Fast Refresh] done in 84ms @ http://localhost:3210/_next/static/chunks/0z9b_next_dist_0_u2s_6aacixr._.js:719
[  305251ms] [LOG] [Fast Refresh] done in 84ms @ http://localhost:3210/_next/static/chunks/0z9b_next_dist_0_u2s_6aacixr._.js:719
[  305343ms] [LOG] [Fast Refresh] done in 84ms @ http://localhost:3210/_next/static/chunks/0z9b_next_dist_0_u2s_6aacixr._.js:719
[  305435ms] [LOG] [Fast Refresh] done in 84ms @ http://localhost:3210/_next/static/chunks/0z9b_next_dist_0_u2s_6aacixr._.js:719
[  305527ms] [LOG] [Fast Refresh] done in 84ms @ http://localhost:3210/_next/static/chunks/0z9b_next_dist_0_u2s_6aacixr._.js:719
[  305620ms] [LOG] [Fast Refresh] done in 84ms @ http://localhost:3210/_next/static/chunks/0z9b_next_dist_0_u2s_6aacixr._.js:719
[  305697ms] [LOG] [Fast Refresh] done in 84ms @ http://localhost:3210/_next/static/chunks/0z9b_next_dist_0_u2s_6aacixr._.js:719
[  305778ms] [LOG] [Fast Refresh] done in 84ms @ http://localhost:3210/_next/static/chunks/0z9b_next_dist_0_u2s_6aacixr._.js:719
[  305869ms] [LOG] [Fast Refresh] done in 84ms @ http://localhost:3210/_next/static/chunks/0z9b_next_dist_0_u2s_6aacixr._.js:719
[  305960ms] [LOG] [Fast Refresh] done in 84ms @ http://localhost:3210/_next/static/chunks/0z9b_next_dist_0_u2s_6aacixr._.js:719
[  306053ms] [LOG] [Fast Refresh] done in 84ms @ http://localhost:3210/_next/static/chunks/0z9b_next_dist_0_u2s_6aacixr._.js:719
[  306144ms] [LOG] [Fast Refresh] done in 84ms @ http://localhost:3210/_next/static/chunks/0z9b_next_dist_0_u2s_6aacixr._.js:719
[  306239ms] [LOG] [Fast Refresh] done in 84ms @ http://localhost:3210/_next/static/chunks/0z9b_next_dist_0_u2s_6aacixr._.js:719
[  306332ms] [LOG] [Fast Refresh] done in 84ms @ http://localhost:3210/_next/static/chunks/0z9b_next_dist_0_u2s_6aacixr._.js:719
[  306408ms] [LOG] [Fast Refresh] done in 84ms @ http://localhost:3210/_next/static/chunks/0z9b_next_dist_0_u2s_6aacixr._.js:719
[  306500ms] [LOG] [Fast Refresh] done in 84ms @ http://localhost:3210/_next/static/chunks/0z9b_next_dist_0_u2s_6aacixr._.js:719
[  306591ms] [LOG] [Fast Refresh] done in 84ms @ http://localhost:3210/_next/static/chunks/0z9b_next_dist_0_u2s_6aacixr._.js:719
[  306683ms] [LOG] [Fast Refresh] done in 84ms @ http://localhost:3210/_next/static/chunks/0z9b_next_dist_0_u2s_6aacixr._.js:719
[  306776ms] [LOG] [Fast Refresh] done in 84ms @ http://localhost:3210/_next/static/chunks/0z9b_next_dist_0_u2s_6aacixr._.js:719
[  306867ms] [LOG] [Fast Refresh] done in 84ms @ http://localhost:3210/_next/static/chunks/0z9b_next_dist_0_u2s_6aacixr._.js:719
[  306968ms] [LOG] [Fast Refresh] done in 84ms @ http://localhost:3210/_next/static/chunks/0z9b_next_dist_0_u2s_6aacixr._.js:719
[  307067ms] [LOG] [Fast Refresh] done in 84ms @ http://localhost:3210/_next/static/chunks/0z9b_next_dist_0_u2s_6aacixr._.js:719
[  307150ms] [LOG] [Fast Refresh] done in 84ms @ http://localhost:3210/_next/static/chunks/0z9b_next_dist_0_u2s_6aacixr._.js:719
[  307192ms] [LOG] [Fast Refresh] done in 84ms @ http://localhost:3210/_next/static/chunks/0z9b_next_dist_0_u2s_6aacixr._.js:719
[  307267ms] [LOG] [Fast Refresh] done in 84ms @ http://localhost:3210/_next/static/chunks/0z9b_next_dist_0_u2s_6aacixr._.js:719
[  307346ms] [LOG] [Fast Refresh] done in 84ms @ http://localhost:3210/_next/static/chunks/0z9b_next_dist_0_u2s_6aacixr._.js:719
[  307452ms] [LOG] [Fast Refresh] done in 84ms @ http://localhost:3210/_next/static/chunks/0z9b_next_dist_0_u2s_6aacixr._.js:719
[  307529ms] [LOG] [Fast Refresh] done in 84ms @ http://localhost:3210/_next/static/chunks/0z9b_next_dist_0_u2s_6aacixr._.js:719
[  307568ms] [LOG] [Fast Refresh] done in 84ms @ http://localhost:3210/_next/static/chunks/0z9b_next_dist_0_u2s_6aacixr._.js:719
[  307623ms] [LOG] [Fast Refresh] done in 84ms @ http://localhost:3210/_next/static/chunks/0z9b_next_dist_0_u2s_6aacixr._.js:719
[  307656ms] [LOG] [Fast Refresh] done in 84ms @ http://localhost:3210/_next/static/chunks/0z9b_next_dist_0_u2s_6aacixr._.js:719
[  307730ms] [LOG] [Fast Refresh] done in 84ms @ http://localhost:3210/_next/static/chunks/0z9b_next_dist_0_u2s_6aacixr._.js:719
[  307821ms] [LOG] [Fast Refresh] done in 84ms @ http://localhost:3210/_next/static/chunks/0z9b_next_dist_0_u2s_6aacixr._.js:719
[  307914ms] [LOG] [Fast Refresh] done in 84ms @ http://localhost:3210/_next/static/chunks/0z9b_next_dist_0_u2s_6aacixr._.js:719
[  308021ms] [LOG] [Fast Refresh] done in 84ms @ http://localhost:3210/_next/static/chunks/0z9b_next_dist_0_u2s_6aacixr._.js:719
[  308112ms] [LOG] [Fast Refresh] done in 84ms @ http://localhost:3210/_next/static/chunks/0z9b_next_dist_0_u2s_6aacixr._.js:719
[  308189ms] [LOG] [Fast Refresh] done in 84ms @ http://localhost:3210/_next/static/chunks/0z9b_next_dist_0_u2s_6aacixr._.js:719
[  308266ms] [LOG] [Fast Refresh] done in 84ms @ http://localhost:3210/_next/static/chunks/0z9b_next_dist_0_u2s_6aacixr._.js:719
[  308359ms] [LOG] [Fast Refresh] done in 84ms @ http://localhost:3210/_next/static/chunks/0z9b_next_dist_0_u2s_6aacixr._.js:719
[  308453ms] [LOG] [Fast Refresh] done in 84ms @ http://localhost:3210/_next/static/chunks/0z9b_next_dist_0_u2s_6aacixr._.js:719
[  308545ms] [LOG] [Fast Refresh] done in 84ms @ http://localhost:3210/_next/static/chunks/0z9b_next_dist_0_u2s_6aacixr._.js:719
[  308639ms] [LOG] [Fast Refresh] done in 84ms @ http://localhost:3210/_next/static/chunks/0z9b_next_dist_0_u2s_6aacixr._.js:719
[  308731ms] [LOG] [Fast Refresh] done in 84ms @ http://localhost:3210/_next/static/chunks/0z9b_next_dist_0_u2s_6aacixr._.js:719
[  308823ms] [LOG] [Fast Refresh] done in 84ms @ http://localhost:3210/_next/static/chunks/0z9b_next_dist_0_u2s_6aacixr._.js:719
[  308916ms] [LOG] [Fast Refresh] done in 84ms @ http://localhost:3210/_next/static/chunks/0z9b_next_dist_0_u2s_6aacixr._.js:719
[  308994ms] [LOG] [Fast Refresh] done in 84ms @ http://localhost:3210/_next/static/chunks/0z9b_next_dist_0_u2s_6aacixr._.js:719
[  309072ms] [LOG] [Fast Refresh] done in 84ms @ http://localhost:3210/_next/static/chunks/0z9b_next_dist_0_u2s_6aacixr._.js:719
[  309149ms] [LOG] [Fast Refresh] done in 84ms @ http://localhost:3210/_next/static/chunks/0z9b_next_dist_0_u2s_6aacixr._.js:719
[  309226ms] [LOG] [Fast Refresh] done in 84ms @ http://localhost:3210/_next/static/chunks/0z9b_next_dist_0_u2s_6aacixr._.js:719
[  309303ms] [LOG] [Fast Refresh] done in 84ms @ http://localhost:3210/_next/static/chunks/0z9b_next_dist_0_u2s_6aacixr._.js:719
[  309398ms] [LOG] [Fast Refresh] done in 84ms @ http://localhost:3210/_next/static/chunks/0z9b_next_dist_0_u2s_6aacixr._.js:719
[  309489ms] [LOG] [Fast Refresh] done in 84ms @ http://localhost:3210/_next/static/chunks/0z9b_next_dist_0_u2s_6aacixr._.js:719
[  309579ms] [LOG] [Fast Refresh] done in 84ms @ http://localhost:3210/_next/static/chunks/0z9b_next_dist_0_u2s_6aacixr._.js:719
[  309672ms] [LOG] [Fast Refresh] done in 84ms @ http://localhost:3210/_next/static/chunks/0z9b_next_dist_0_u2s_6aacixr._.js:719
[  309764ms] [LOG] [Fast Refresh] done in 84ms @ http://localhost:3210/_next/static/chunks/0z9b_next_dist_0_u2s_6aacixr._.js:719
[  309856ms] [LOG] [Fast Refresh] done in 84ms @ http://localhost:3210/_next/static/chunks/0z9b_next_dist_0_u2s_6aacixr._.js:719
[  309936ms] [LOG] [Fast Refresh] done in 84ms @ http://localhost:3210/_next/static/chunks/0z9b_next_dist_0_u2s_6aacixr._.js:719
[  310029ms] [LOG] [Fast Refresh] done in 84ms @ http://localhost:3210/_next/static/chunks/0z9b_next_dist_0_u2s_6aacixr._.js:719
[  310120ms] [LOG] [Fast Refresh] done in 84ms @ http://localhost:3210/_next/static/chunks/0z9b_next_dist_0_u2s_6aacixr._.js:719
[  310213ms] [LOG] [Fast Refresh] done in 84ms @ http://localhost:3210/_next/static/chunks/0z9b_next_dist_0_u2s_6aacixr._.js:719
[  310308ms] [LOG] [Fast Refresh] done in 84ms @ http://localhost:3210/_next/static/chunks/0z9b_next_dist_0_u2s_6aacixr._.js:719
[  310384ms] [LOG] [Fast Refresh] done in 84ms @ http://localhost:3210/_next/static/chunks/0z9b_next_dist_0_u2s_6aacixr._.js:719
[  310461ms] [LOG] [Fast Refresh] done in 84ms @ http://localhost:3210/_next/static/chunks/0z9b_next_dist_0_u2s_6aacixr._.js:719
[  310555ms] [LOG] [Fast Refresh] done in 84ms @ http://localhost:3210/_next/static/chunks/0z9b_next_dist_0_u2s_6aacixr._.js:719
[  310647ms] [LOG] [Fast Refresh] done in 84ms @ http://localhost:3210/_next/static/chunks/0z9b_next_dist_0_u2s_6aacixr._.js:719
[  310738ms] [LOG] [Fast Refresh] done in 84ms @ http://localhost:3210/_next/static/chunks/0z9b_next_dist_0_u2s_6aacixr._.js:719
[  310831ms] [LOG] [Fast Refresh] done in 84ms @ http://localhost:3210/_next/static/chunks/0z9b_next_dist_0_u2s_6aacixr._.js:719
[  310923ms] [LOG] [Fast Refresh] done in 84ms @ http://localhost:3210/_next/static/chunks/0z9b_next_dist_0_u2s_6aacixr._.js:719
[  311000ms] [LOG] [Fast Refresh] done in 84ms @ http://localhost:3210/_next/static/chunks/0z9b_next_dist_0_u2s_6aacixr._.js:719
[  311080ms] [LOG] [Fast Refresh] done in 84ms @ http://localhost:3210/_next/static/chunks/0z9b_next_dist_0_u2s_6aacixr._.js:719
[  311185ms] [LOG] [Fast Refresh] done in 84ms @ http://localhost:3210/_next/static/chunks/0z9b_next_dist_0_u2s_6aacixr._.js:719
[  311278ms] [LOG] [Fast Refresh] done in 84ms @ http://localhost:3210/_next/static/chunks/0z9b_next_dist_0_u2s_6aacixr._.js:719
[  311372ms] [LOG] [Fast Refresh] done in 84ms @ http://localhost:3210/_next/static/chunks/0z9b_next_dist_0_u2s_6aacixr._.js:719
[  311466ms] [LOG] [Fast Refresh] done in 84ms @ http://localhost:3210/_next/static/chunks/0z9b_next_dist_0_u2s_6aacixr._.js:719
[  311571ms] [LOG] [Fast Refresh] done in 84ms @ http://localhost:3210/_next/static/chunks/0z9b_next_dist_0_u2s_6aacixr._.js:719
[  311680ms] [LOG] [Fast Refresh] done in 84ms @ http://localhost:3210/_next/static/chunks/0z9b_next_dist_0_u2s_6aacixr._.js:719
[  311786ms] [LOG] [Fast Refresh] done in 84ms @ http://localhost:3210/_next/static/chunks/0z9b_next_dist_0_u2s_6aacixr._.js:719
[  311862ms] [LOG] [Fast Refresh] done in 84ms @ http://localhost:3210/_next/static/chunks/0z9b_next_dist_0_u2s_6aacixr._.js:719
[  311955ms] [LOG] [Fast Refresh] done in 84ms @ http://localhost:3210/_next/static/chunks/0z9b_next_dist_0_u2s_6aacixr._.js:719
